<html>
<body>
<pre>
<h1>礦ision Build Log</h1>
<h2>Tool Versions:</h2>
IDE-Version: μVision V5.35.0.0
Copyright (C) 2021 ARM Ltd and ARM Germany GmbH. All rights reserved.
License Information: 1 涂建锋, 1, LIC=GMZI6-DWJSA-LQK0Q-NK7A0-GD9AH-0WK8L
 
Tool Versions:
Toolchain:       MDK-ARM Plus  Version: 5.35.0.2
Toolchain Path:  D:\keil5\ARM\ARMCC\Bin
C Compiler:      Armcc.exe V5.06 update 7 (build 960)
Assembler:       Armasm.exe V5.06 update 7 (build 960)
Linker/Locator:  ArmLink.exe V5.06 update 7 (build 960)
Library Manager: ArmAr.exe V5.06 update 7 (build 960)
Hex Converter:   FromElf.exe V5.06 update 7 (build 960)
CPU DLL:         SARMCM3.DLL V5.35.0.2
Dialog DLL:      DCM.DLL V1.17.3.0
Target DLL:      Segger\JL2CM3.dll V2.99.40.0
Dialog DLL:      TCM.DLL V1.53.0.0
 
<h2>Project:</h2>
D:\github\源码：nRF52832读取MAX30102 FIFO数据_2\max30102_fifo\project\mdk5\i2c_max30102.uvprojx
Project File Date:  11/19/2021

<h2>Output:</h2>
*** Using Compiler 'V5.06 update 7 (build 960)', folder: 'D:\keil5\ARM\ARMCC\Bin'
Rebuild target 'nRF-52832'
compiling nrfx_atomic.c...
compiling boards.c...
compiling nrf_drv_uart.c...
compiling max30102.c...
..\..\app\max30102\max30102.c(123): warning:  #167-D: argument of type "char *" is incompatible with parameter of type "uint8_t *"
  	err_code = nrf_drv_twi_rx(&m_twi, MAX30102_ADDRESS, ach_i2c_data, 6);
..\..\app\max30102\max30102.c: 1 warning, 0 errors
compiling nrfx_uarte.c...
compiling nrfx_uart.c...
compiling main.c...
compiling app_error.c...
compiling app_util_platform.c...
compiling nrf_assert.c...
compiling nrfx_prs.c...
compiling nrfx_twim.c...
compiling nrf_drv_twi.c...
compiling nrfx_twi.c...
compiling nrf_strerror.c...
compiling app_error_handler_keil.c...
compiling nrf_fprintf.c...
compiling nrf_fprintf_format.c...
compiling app_error_weak.c...
compiling nrf_ringbuf.c...
compiling nrf_memobj.c...
compiling nrf_atomic.c...
compiling retarget.c...
compiling app_fifo.c...
compiling nrf_balloc.c...
compiling nrf_log_backend_serial.c...
compiling app_uart_fifo.c...
compiling nrf_log_backend_rtt.c...
compiling SEGGER_RTT_Syscalls_KEIL.c...
assembling arm_startup_nrf52.s...
compiling nrf_log_backend_uart.c...
compiling SEGGER_RTT.c...
compiling SEGGER_RTT_printf.c...
compiling nrf_log_default_backends.c...
compiling nrf_log_str_formatter.c...
compiling nrf_log_frontend.c...
compiling system_nrf52.c...
linking...
Program Size: Code=16800 RO-data=1244 RW-data=180 ZI-data=6892  
FromELF: creating hex file...
".\Objects\nrf52832_qfaa.axf" - 0 Error(s), 1 Warning(s).

<h2>Software Packages used:</h2>

Package Vendor: ARM
                http://www.keil.com/pack/ARM.CMSIS.5.6.0.pack
                ARM.CMSIS.5.6.0
                CMSIS (Cortex Microcontroller Software Interface Standard)
   * Component: CORE Version: 5.3.0

Package Vendor: NordicSemiconductor
                http://developer.nordicsemi.com/nRF5_SDK/pieces/nRF_DeviceFamilyPack/NordicSemiconductor.nRF_DeviceFamilyPack.8.35.0.pack
                NordicSemiconductor.nRF_DeviceFamilyPack.8.35.0
                Nordic Semiconductor nRF ARM devices Device Family Pack with BSD license.
   * Component: Startup Version: 8.35.0

<h2>Collection of Component include folders:</h2>
  .\RTE\_nRF-52832
  D:\keil5\packs\ARM\CMSIS\5.6.0\CMSIS\Core\Include
  D:\keil5\packs\NordicSemiconductor\nRF_DeviceFamilyPack\8.35.0\Device\Include

<h2>Collection of Component Files used:</h2>

   * Component: ARM::CMSIS:CORE:5.3.0

   * Component: NordicSemiconductor::Device:Startup:8.35.0
      Include file:  Device\Include\system_nrf52.h
      Include file:  Device\Include\system_nrf.h
      Source file:   Device\Source\arm\arm_startup_nrf52.s
      Source file:   Device\Source\system_nrf52.c
Build Time Elapsed:  00:00:07
</pre>
</body>
</html>
