Component: ARM Compiler 5.06 update 7 (build 960) Tool: armlink [4d3601]

==============================================================================

Section Cross References

    main.o(i.log_init) refers to nrf_log_frontend.o(i.nrf_log_init) for nrf_log_init
    main.o(i.log_init) refers to app_error.o(i.app_error_handler_bare) for app_error_handler_bare
    main.o(i.log_init) refers to nrf_log_default_backends.o(i.nrf_log_default_backends_init) for nrf_log_default_backends_init
    main.o(i.main) refers to main.o(i.log_init) for log_init
    main.o(i.main) refers to boards.o(i.bsp_board_init) for bsp_board_init
    main.o(i.main) refers to main.o(i.uart_config) for uart_config
    main.o(i.main) refers to max30102.o(i.twi_master_init) for twi_master_init
    main.o(i.main) refers to max30102.o(i.max30102_reset) for max30102_reset
    main.o(i.main) refers to max30102.o(i.max30102_read_reg) for max30102_read_reg
    main.o(i.main) refers to max30102.o(i.MAX30102_Init) for MAX30102_Init
    main.o(i.main) refers to main.o(i.nrf_delay_ms) for nrf_delay_ms
    main.o(i.main) refers to nrf_log_frontend.o(i.nrf_log_frontend_std_0) for nrf_log_frontend_std_0
    main.o(i.main) refers to nrf_log_frontend.o(i.nrf_log_frontend_dequeue) for nrf_log_frontend_dequeue
    main.o(i.main) refers to max30102.o(i.max30102_read_fifo) for max30102_read_fifo
    main.o(i.main) refers to printf1.o(i.__0printf$1) for __2printf
    main.o(i.main) refers to nrf_log_frontend.o(log_const_data) for m_nrf_log_app_logs_data_const
    main.o(i.nrf_delay_ms) refers to main.o(.constdata) for delay_machine_code
    main.o(i.uart_config) refers to memcpya.o(.text) for __aeabi_memcpy4
    main.o(i.uart_config) refers to app_uart_fifo.o(i.app_uart_init) for app_uart_init
    main.o(i.uart_config) refers to app_error.o(i.app_error_handler_bare) for app_error_handler_bare
    main.o(i.uart_config) refers to main.o(.constdata) for .constdata
    main.o(i.uart_config) refers to main.o(.bss) for rx_buf
    main.o(i.uart_config) refers to main.o(i.uart_error_handle) for uart_error_handle
    main.o(i.uart_error_handle) refers to app_error.o(i.app_error_handler_bare) for app_error_handler_bare
    max30102.o(i.MAX30102_Init) refers to max30102.o(i.max30102_write_reg) for max30102_write_reg
    max30102.o(i.max30102_read_fifo) refers to max30102.o(i.max30102_read_reg) for max30102_read_reg
    max30102.o(i.max30102_read_fifo) refers to max30102.o(i.nrf_drv_twi_tx) for nrf_drv_twi_tx
    max30102.o(i.max30102_read_fifo) refers to app_error.o(i.app_error_handler_bare) for app_error_handler_bare
    max30102.o(i.max30102_read_fifo) refers to max30102.o(i.nrf_drv_twi_rx) for nrf_drv_twi_rx
    max30102.o(i.max30102_read_fifo) refers to max30102.o(.data) for m_xfer_done
    max30102.o(i.max30102_read_fifo) refers to max30102.o(.constdata) for m_twi
    max30102.o(i.max30102_read_reg) refers to max30102.o(i.nrf_drv_twi_tx) for nrf_drv_twi_tx
    max30102.o(i.max30102_read_reg) refers to app_error.o(i.app_error_handler_bare) for app_error_handler_bare
    max30102.o(i.max30102_read_reg) refers to max30102.o(i.nrf_drv_twi_rx) for nrf_drv_twi_rx
    max30102.o(i.max30102_read_reg) refers to max30102.o(.data) for m_xfer_done
    max30102.o(i.max30102_read_reg) refers to max30102.o(.constdata) for m_twi
    max30102.o(i.max30102_reset) refers to max30102.o(i.max30102_write_reg) for max30102_write_reg
    max30102.o(i.max30102_write_reg) refers to max30102.o(i.nrf_drv_twi_tx) for nrf_drv_twi_tx
    max30102.o(i.max30102_write_reg) refers to app_error.o(i.app_error_handler_bare) for app_error_handler_bare
    max30102.o(i.max30102_write_reg) refers to max30102.o(.data) for m_xfer_done
    max30102.o(i.max30102_write_reg) refers to max30102.o(.constdata) for m_twi
    max30102.o(i.nrf_drv_twi_rx) refers to nrfx_twi.o(i.nrfx_twi_rx) for nrfx_twi_rx
    max30102.o(i.nrf_drv_twi_tx) refers to nrfx_twi.o(i.nrfx_twi_tx) for nrfx_twi_tx
    max30102.o(i.twi_handler) refers to max30102.o(i.nrf_gpio_pin_clear) for nrf_gpio_pin_clear
    max30102.o(i.twi_handler) refers to max30102.o(.data) for m_xfer_done
    max30102.o(i.twi_master_init) refers to nrf_drv_twi.o(i.nrf_drv_twi_init) for nrf_drv_twi_init
    max30102.o(i.twi_master_init) refers to app_error.o(i.app_error_handler_bare) for app_error_handler_bare
    max30102.o(i.twi_master_init) refers to nrfx_twi.o(i.nrfx_twi_enable) for nrfx_twi_enable
    max30102.o(i.twi_master_init) refers to max30102.o(.constdata) for .constdata
    max30102.o(i.twi_master_init) refers to max30102.o(i.twi_handler) for twi_handler
    boards.o(i.bsp_board_button_idx_to_pin) refers to boards.o(.constdata) for m_board_btn_list
    boards.o(i.bsp_board_button_state_get) refers to boards.o(.constdata) for m_board_btn_list
    boards.o(i.bsp_board_buttons_init) refers to boards.o(i.nrf_gpio_cfg) for nrf_gpio_cfg
    boards.o(i.bsp_board_buttons_init) refers to boards.o(.constdata) for m_board_btn_list
[...]
    nrf_log_backend_rtt_flush                0x000022a9   Thumb Code     2  nrf_log_backend_rtt.o(i.nrf_log_backend_rtt_flush)
    i.nrf_log_backend_rtt_init               0x000022aa   Section        0  nrf_log_backend_rtt.o(i.nrf_log_backend_rtt_init)
    i.nrf_log_backend_rtt_panic_set          0x000022b2   Section        0  nrf_log_backend_rtt.o(i.nrf_log_backend_rtt_panic_set)
    nrf_log_backend_rtt_panic_set            0x000022b3   Thumb Code     2  nrf_log_backend_rtt.o(i.nrf_log_backend_rtt_panic_set)
    i.nrf_log_backend_rtt_put                0x000022b4   Section        0  nrf_log_backend_rtt.o(i.nrf_log_backend_rtt_put)
    nrf_log_backend_rtt_put                  0x000022b5   Thumb Code    24  nrf_log_backend_rtt.o(i.nrf_log_backend_rtt_put)
    i.nrf_log_backend_serial_put             0x000022d4   Section        0  nrf_log_backend_serial.o(i.nrf_log_backend_serial_put)
    i.nrf_log_color_id_get                   0x000023c8   Section        0  nrf_log_frontend.o(i.nrf_log_color_id_get)
    i.nrf_log_default_backends_init          0x00002400   Section        0  nrf_log_default_backends.o(i.nrf_log_default_backends_init)
    i.nrf_log_frontend_dequeue               0x00002428   Section        0  nrf_log_frontend.o(i.nrf_log_frontend_dequeue)
    i.nrf_log_frontend_std_0                 0x0000273c   Section        0  nrf_log_frontend.o(i.nrf_log_frontend_std_0)
    i.nrf_log_hexdump_entry_process          0x00002750   Section        0  nrf_log_str_formatter.o(i.nrf_log_hexdump_entry_process)
    i.nrf_log_init                           0x0000280c   Section        0  nrf_log_frontend.o(i.nrf_log_init)
    i.nrf_log_module_cnt_get                 0x00002854   Section        0  nrf_log_frontend.o(i.nrf_log_module_cnt_get)
    i.nrf_log_module_name_get                0x00002868   Section        0  nrf_log_frontend.o(i.nrf_log_module_name_get)
    i.nrf_log_panic                          0x0000288c   Section        0  nrf_log_frontend.o(i.nrf_log_panic)
    i.nrf_log_std_entry_process              0x000028c0   Section        0  nrf_log_str_formatter.o(i.nrf_log_std_entry_process)
    i.nrf_memobj_alloc                       0x00002988   Section        0  nrf_memobj.o(i.nrf_memobj_alloc)
    i.nrf_memobj_free                        0x00002a02   Section        0  nrf_memobj.o(i.nrf_memobj_free)
    i.nrf_memobj_get                         0x00002a42   Section        0  nrf_memobj.o(i.nrf_memobj_get)
    i.nrf_memobj_pool_init                   0x00002a52   Section        0  nrf_memobj.o(i.nrf_memobj_pool_init)
    i.nrf_memobj_put                         0x00002a5e   Section        0  nrf_memobj.o(i.nrf_memobj_put)
    i.nrf_memobj_read                        0x00002a7c   Section        0  nrf_memobj.o(i.nrf_memobj_read)
    i.nrf_memobj_write                       0x00002a9e   Section        0  nrf_memobj.o(i.nrf_memobj_write)
    i.nrf_ringbuf_init                       0x00002ac0   Section        0  nrf_ringbuf.o(i.nrf_ringbuf_init)
    i.nrf_twi_disable                        0x00002adc   Section        0  nrfx_twi.o(i.nrf_twi_disable)
    nrf_twi_disable                          0x00002add   Thumb Code     8  nrfx_twi.o(i.nrf_twi_disable)
    i.nrf_twi_enable                         0x00002ae4   Section        0  nrfx_twi.o(i.nrf_twi_enable)
    nrf_twi_enable                           0x00002ae5   Thumb Code     8  nrfx_twi.o(i.nrf_twi_enable)
    i.nrf_twi_errorsrc_get_and_clear         0x00002aec   Section        0  nrfx_twi.o(i.nrf_twi_errorsrc_get_and_clear)
    nrf_twi_errorsrc_get_and_clear           0x00002aed   Thumb Code    12  nrfx_twi.o(i.nrf_twi_errorsrc_get_and_clear)
    i.nrf_twi_event_check                    0x00002af8   Section        0  nrfx_twi.o(i.nrf_twi_event_check)
    nrf_twi_event_check                      0x00002af9   Thumb Code    14  nrfx_twi.o(i.nrf_twi_event_check)
    i.nrf_twi_event_clear                    0x00002b06   Section        0  nrfx_twi.o(i.nrf_twi_event_clear)
    nrf_twi_event_clear                      0x00002b07   Thumb Code    14  nrfx_twi.o(i.nrf_twi_event_clear)
    i.nrf_twi_int_disable                    0x00002b14   Section        0  nrfx_twi.o(i.nrf_twi_int_disable)
    nrf_twi_int_disable                      0x00002b15   Thumb Code     6  nrfx_twi.o(i.nrf_twi_int_disable)
    i.nrf_twi_int_enable                     0x00002b1a   Section        0  nrfx_twi.o(i.nrf_twi_int_enable)
    nrf_twi_int_enable                       0x00002b1b   Thumb Code     6  nrfx_twi.o(i.nrf_twi_int_enable)
    i.nrf_twi_shorts_set                     0x00002b20   Section        0  nrfx_twi.o(i.nrf_twi_shorts_set)
    nrf_twi_shorts_set                       0x00002b21   Thumb Code     6  nrfx_twi.o(i.nrf_twi_shorts_set)
    i.nrf_twi_task_trigger                   0x00002b26   Section        0  nrfx_twi.o(i.nrf_twi_task_trigger)
    nrf_twi_task_trigger                     0x00002b27   Thumb Code     6  nrfx_twi.o(i.nrf_twi_task_trigger)
    i.nrf_uart_errorsrc_get_and_clear        0x00002b2c   Section        0  nrfx_uart.o(i.nrf_uart_errorsrc_get_and_clear)
    nrf_uart_errorsrc_get_and_clear          0x00002b2d   Thumb Code    12  nrfx_uart.o(i.nrf_uart_errorsrc_get_and_clear)
    i.nrf_uart_event_check                   0x00002b38   Section        0  nrfx_uart.o(i.nrf_uart_event_check)
    nrf_uart_event_check                     0x00002b39   Thumb Code    14  nrfx_uart.o(i.nrf_uart_event_check)
    i.nrf_uart_event_clear                   0x00002b46   Section        0  nrfx_uart.o(i.nrf_uart_event_clear)
    nrf_uart_event_clear                     0x00002b47   Thumb Code    14  nrfx_uart.o(i.nrf_uart_event_clear)
    i.nrf_uart_hwfc_pins_set                 0x00002b54   Section        0  nrfx_uart.o(i.nrf_uart_hwfc_pins_set)
    nrf_uart_hwfc_pins_set                   0x00002b55   Thumb Code    10  nrfx_uart.o(i.nrf_uart_hwfc_pins_set)
    i.nrf_uart_int_disable                   0x00002b5e   Section        0  nrfx_uart.o(i.nrf_uart_int_disable)
    nrf_uart_int_disable                     0x00002b5f   Thumb Code     6  nrfx_uart.o(i.nrf_uart_int_disable)
    i.nrf_uart_int_enable                    0x00002b64   Section        0  nrfx_uart.o(i.nrf_uart_int_enable)
    nrf_uart_int_enable                      0x00002b65   Thumb Code     6  nrfx_uart.o(i.nrf_uart_int_enable)
    i.nrf_uart_int_enable_check              0x00002b6a   Section        0  nrfx_uart.o(i.nrf_uart_int_enable_check)
    nrf_uart_int_enable_check                0x00002b6b   Thumb Code    18  nrfx_uart.o(i.nrf_uart_int_enable_check)
    i.nrf_uart_task_trigger                  0x00002b7c   Section        0  nrfx_uart.o(i.nrf_uart_task_trigger)
    nrf_uart_task_trigger                    0x00002b7d   Thumb Code     6  nrfx_uart.o(i.nrf_uart_task_trigger)
    i.nrf_uart_txrx_pins_set                 0x00002b82   Section        0  nrfx_uart.o(i.nrf_uart_txrx_pins_set)
    nrf_uart_txrx_pins_set                   0x00002b83   Thumb Code    10  nrfx_uart.o(i.nrf_uart_txrx_pins_set)
    i.nrf_uarte_errorsrc_get_and_clear       0x00002b8c   Section        0  nrfx_uarte.o(i.nrf_uarte_errorsrc_get_and_clear)
    nrf_uarte_errorsrc_get_and_clear         0x00002b8d   Thumb Code    12  nrfx_uarte.o(i.nrf_uarte_errorsrc_get_and_clear)
    i.nrf_uarte_event_check                  0x00002b98   Section        0  nrfx_uarte.o(i.nrf_uarte_event_check)
    nrf_uarte_event_check                    0x00002b99   Thumb Code    14  nrfx_uarte.o(i.nrf_uarte_event_check)
    i.nrf_uarte_event_clear                  0x00002ba6   Section        0  nrfx_uarte.o(i.nrf_uarte_event_clear)
    nrf_uarte_event_clear                    0x00002ba7   Thumb Code    14  nrfx_uarte.o(i.nrf_uarte_event_clear)
    i.nrf_uarte_hwfc_pins_set                0x00002bb4   Section        0  nrfx_uarte.o(i.nrf_uarte_hwfc_pins_set)
    nrf_uarte_hwfc_pins_set                  0x00002bb5   Thumb Code    12  nrfx_uarte.o(i.nrf_uarte_hwfc_pins_set)
    i.nrf_uarte_int_disable                  0x00002bc0   Section        0  nrfx_uarte.o(i.nrf_uarte_int_disable)
    nrf_uarte_int_disable                    0x00002bc1   Thumb Code     6  nrfx_uarte.o(i.nrf_uarte_int_disable)
    i.nrf_uarte_int_enable                   0x00002bc6   Section        0  nrfx_uarte.o(i.nrf_uarte_int_enable)
    nrf_uarte_int_enable                     0x00002bc7   Thumb Code     6  nrfx_uarte.o(i.nrf_uarte_int_enable)
    i.nrf_uarte_rx_amount_get                0x00002bcc   Section        0  nrfx_uarte.o(i.nrf_uarte_rx_amount_get)
    nrf_uarte_rx_amount_get                  0x00002bcd   Thumb Code    10  nrfx_uarte.o(i.nrf_uarte_rx_amount_get)
    i.nrf_uarte_shorts_disable               0x00002bd6   Section        0  nrfx_uarte.o(i.nrf_uarte_shorts_disable)
    nrf_uarte_shorts_disable                 0x00002bd7   Thumb Code    12  nrfx_uarte.o(i.nrf_uarte_shorts_disable)
    i.nrf_uarte_task_trigger                 0x00002be2   Section        0  nrfx_uarte.o(i.nrf_uarte_task_trigger)
    nrf_uarte_task_trigger                   0x00002be3   Thumb Code     6  nrfx_uarte.o(i.nrf_uarte_task_trigger)
    i.nrf_uarte_tx_amount_get                0x00002be8   Section        0  nrfx_uarte.o(i.nrf_uarte_tx_amount_get)
    nrf_uarte_tx_amount_get                  0x00002be9   Thumb Code    10  nrfx_uarte.o(i.nrf_uarte_tx_amount_get)
    i.nrf_uarte_txrx_pins_set                0x00002bf2   Section        0  nrfx_uarte.o(i.nrf_uarte_txrx_pins_set)
    nrf_uarte_txrx_pins_set                  0x00002bf3   Thumb Code    14  nrfx_uarte.o(i.nrf_uarte_txrx_pins_set)
    i.nrfx_coredep_delay_us                  0x00002c00   Section        0  nrf_drv_twi.o(i.nrfx_coredep_delay_us)
    nrfx_coredep_delay_us                    0x00002c01   Thumb Code    20  nrf_drv_twi.o(i.nrfx_coredep_delay_us)
    i.nrfx_get_irq_number                    0x00002c18   Section        0  nrfx_uart.o(i.nrfx_get_irq_number)
    nrfx_get_irq_number                      0x00002c19   Thumb Code     8  nrfx_uart.o(i.nrfx_get_irq_number)
    i.nrfx_get_irq_number                    0x00002c20   Section        0  nrfx_uarte.o(i.nrfx_get_irq_number)
    nrfx_get_irq_number                      0x00002c21   Thumb Code     8  nrfx_uarte.o(i.nrfx_get_irq_number)
    i.nrfx_get_irq_number                    0x00002c28   Section        0  nrfx_twi.o(i.nrfx_get_irq_number)
    nrfx_get_irq_number                      0x00002c29   Thumb Code     8  nrfx_twi.o(i.nrfx_get_irq_number)
    i.nrfx_is_in_ram                         0x00002c30   Section        0  nrfx_uarte.o(i.nrfx_is_in_ram)
    nrfx_is_in_ram                           0x00002c31   Thumb Code    20  nrfx_uarte.o(i.nrfx_is_in_ram)
    i.nrfx_prs_acquire                       0x00002c44   Section        0  nrfx_prs.o(i.nrfx_prs_acquire)
    i.nrfx_twi_enable                        0x00002c8c   Section        0  nrfx_twi.o(i.nrfx_twi_enable)
    i.nrfx_twi_init                          0x00002cb0   Section        0  nrfx_twi.o(i.nrfx_twi_init)
    i.nrfx_twi_rx                            0x00002dd4   Section        0  nrfx_twi.o(i.nrfx_twi_rx)
    i.nrfx_twi_tx                            0x00002e04   Section        0  nrfx_twi.o(i.nrfx_twi_tx)
    i.nrfx_twi_xfer                          0x00002e44   Section        0  nrfx_twi.o(i.nrfx_twi_xfer)
    i.nrfx_uart_0_irq_handler                0x00002e74   Section        0  nrfx_uart.o(i.nrfx_uart_0_irq_handler)
    i.nrfx_uart_init                         0x00002e88   Section        0  nrfx_uart.o(i.nrfx_uart_init)
    i.nrfx_uart_rx                           0x00002f10   Section        0  nrfx_uart.o(i.nrfx_uart_rx)
    i.nrfx_uart_tx                           0x00003034   Section        0  nrfx_uart.o(i.nrfx_uart_tx)
    i.nrfx_uart_tx_in_progress               0x000030c0   Section        0  nrfx_uart.o(i.nrfx_uart_tx_in_progress)
    i.nrfx_uarte_0_irq_handler               0x000030e4   Section        0  nrfx_uarte.o(i.nrfx_uarte_0_irq_handler)
    i.nrfx_uarte_init                        0x000030f8   Section        0  nrfx_uarte.o(i.nrfx_uarte_init)
    i.nrfx_uarte_rx                          0x00003178   Section        0  nrfx_uarte.o(i.nrfx_uarte_rx)
    i.nrfx_uarte_tx                          0x000032b0   Section        0  nrfx_uarte.o(i.nrfx_uarte_tx)
    i.nrfx_uarte_tx_in_progress              0x00003370   Section        0  nrfx_uarte.o(i.nrfx_uarte_tx_in_progress)
    i.postfix_process                        0x00003390   Section        0  nrf_log_str_formatter.o(i.postfix_process)
    postfix_process                          0x00003391   Thumb Code    58  nrf_log_str_formatter.o(i.postfix_process)
    i.prefix_process                         0x000033d8   Section        0  nrf_log_str_formatter.o(i.prefix_process)
    prefix_process                           0x000033d9   Thumb Code    98  nrf_log_str_formatter.o(i.prefix_process)
    i.prs_box_get                            0x0000347c   Section        0  nrfx_prs.o(i.prs_box_get)
    prs_box_get                              0x0000347d   Thumb Code    16  nrfx_prs.o(i.prs_box_get)
    i.rx_byte                                0x00003494   Section        0  nrfx_uart.o(i.rx_byte)
    rx_byte                                  0x00003495   Thumb Code    62  nrfx_uart.o(i.rx_byte)
    i.rx_done_event                          0x000034d2   Section        0  nrfx_uart.o(i.rx_done_event)
    rx_done_event                            0x000034d3   Thumb Code    28  nrfx_uart.o(i.rx_done_event)
    i.rx_done_event                          0x000034ee   Section        0  nrfx_uarte.o(i.rx_done_event)
    rx_done_event                            0x000034ef   Thumb Code    28  nrfx_uarte.o(i.rx_done_event)
    i.rx_enable                              0x0000350a   Section        0  nrfx_uart.o(i.rx_enable)
    rx_enable                                0x0000350b   Thumb Code    34  nrfx_uart.o(i.rx_enable)
    i.serial_tx                              0x0000352c   Section        0  nrf_log_backend_rtt.o(i.serial_tx)
    serial_tx                                0x0000352d   Thumb Code   124  nrf_log_backend_rtt.o(i.serial_tx)
    i.std_header_set                         0x000035b0   Section        0  nrf_log_frontend.o(i.std_header_set)
    std_header_set                           0x000035b1   Thumb Code    96  nrf_log_frontend.o(i.std_header_set)
    i.std_n                                  0x00003614   Section        0  nrf_log_frontend.o(i.std_n)
    std_n                                    0x00003615   Thumb Code   104  nrf_log_frontend.o(i.std_n)
    i.string_print                           0x00003684   Section        0  nrf_fprintf_format.o(i.string_print)
    string_print                             0x00003685   Thumb Code   116  nrf_fprintf_format.o(i.string_print)
    i.timestamp_print                        0x000036f8   Section        0  nrf_log_str_formatter.o(i.timestamp_print)
    timestamp_print                          0x000036f9   Thumb Code     2  nrf_log_str_formatter.o(i.timestamp_print)
    i.twi_clear_bus                          0x000036fc   Section        0  nrf_drv_twi.o(i.twi_clear_bus)
    twi_clear_bus                            0x000036fd   Thumb Code   146  nrf_drv_twi.o(i.twi_clear_bus)
    i.twi_evt_handler                        0x00003794   Section        0  nrf_drv_twi.o(i.twi_evt_handler)
    twi_evt_handler                          0x00003795   Thumb Code    64  nrf_drv_twi.o(i.twi_evt_handler)
    i.twi_handler                            0x000037dc   Section        0  max30102.o(i.twi_handler)
    i.twi_irq_handler                        0x00003814   Section        0  nrfx_twi.o(i.twi_irq_handler)
    twi_irq_handler                          0x00003815   Thumb Code   218  nrfx_twi.o(i.twi_irq_handler)
    i.twi_master_init                        0x000038f0   Section        0  max30102.o(i.twi_master_init)
    i.twi_process_error                      0x00003934   Section        0  nrfx_twi.o(i.twi_process_error)
    twi_process_error                        0x00003935   Thumb Code    36  nrfx_twi.o(i.twi_process_error)
    i.twi_receive_byte                       0x00003958   Section        0  nrfx_twi.o(i.twi_receive_byte)
    twi_receive_byte                         0x00003959   Thumb Code   126  nrfx_twi.o(i.twi_receive_byte)
    i.twi_rx_start_transfer                  0x000039d8   Section        0  nrfx_twi.o(i.twi_rx_start_transfer)
    twi_rx_start_transfer                    0x000039d9   Thumb Code   218  nrfx_twi.o(i.twi_rx_start_transfer)
    i.twi_send_byte                          0x00003ab8   Section        0  nrfx_twi.o(i.twi_send_byte)
    twi_send_byte                            0x00003ab9   Thumb Code    86  nrfx_twi.o(i.twi_send_byte)
    i.twi_transfer                           0x00003b0e   Section        0  nrfx_twi.o(i.twi_transfer)
    twi_transfer                             0x00003b0f   Thumb Code   300  nrfx_twi.o(i.twi_transfer)
    i.twi_tx_start_transfer                  0x00003c3c   Section        0  nrfx_twi.o(i.twi_tx_start_transfer)
    twi_tx_start_transfer                    0x00003c3d   Thumb Code   200  nrfx_twi.o(i.twi_tx_start_transfer)
    i.twi_xfer                               0x00003d08   Section        0  nrfx_twi.o(i.twi_xfer)
    twi_xfer                                 0x00003d09   Thumb Code   186  nrfx_twi.o(i.twi_xfer)
    i.tx_blocking                            0x00003dc8   Section        0  nrfx_uart.o(i.tx_blocking)
    tx_blocking                              0x00003dc9   Thumb Code    54  nrfx_uart.o(i.tx_blocking)
    i.tx_byte                                0x00003dfe   Section        0  nrfx_uart.o(i.tx_byte)
    tx_byte                                  0x00003dff   Thumb Code    38  nrfx_uart.o(i.tx_byte)
    i.tx_done_event                          0x00003e24   Section        0  nrfx_uart.o(i.tx_done_event)
    tx_done_event                            0x00003e25   Thumb Code    32  nrfx_uart.o(i.tx_done_event)
    i.tx_done_event                          0x00003e44   Section        0  nrfx_uarte.o(i.tx_done_event)
    tx_done_event                            0x00003e45   Thumb Code    32  nrfx_uarte.o(i.tx_done_event)
    i.uart_config                            0x00003e64   Section        0  main.o(i.uart_config)
    i.uart_error_handle                      0x00003ec0   Section        0  main.o(i.uart_error_handle)
    i.uart_event_handler                     0x00003ee8   Section        0  app_uart_fifo.o(i.uart_event_handler)
    uart_event_handler                       0x00003ee9   Thumb Code   200  app_uart_fifo.o(i.uart_event_handler)
    i.uart_evt_handler                       0x00003fcc   Section        0  nrf_drv_uart.o(i.uart_evt_handler)
    uart_evt_handler                         0x00003fcd   Thumb Code    46  nrf_drv_uart.o(i.uart_evt_handler)
    i.uart_irq_handler                       0x00004004   Section        0  nrfx_uart.o(i.uart_irq_handler)
    uart_irq_handler                         0x00004005   Thumb Code   334  nrfx_uart.o(i.uart_irq_handler)
    i.uarte_evt_handler                      0x00004154   Section        0  nrf_drv_uart.o(i.uarte_evt_handler)
    uarte_evt_handler                        0x00004155   Thumb Code    46  nrf_drv_uart.o(i.uarte_evt_handler)
    i.uarte_irq_handler                      0x0000418c   Section        0  nrfx_uarte.o(i.uarte_irq_handler)
    uarte_irq_handler                        0x0000418d   Thumb Code   308  nrfx_uarte.o(i.uarte_irq_handler)
    i.unsigned_print                         0x000042c0   Section        0  nrf_fprintf_format.o(i.unsigned_print)
    unsigned_print                           0x000042c1   Thumb Code   178  nrf_fprintf_format.o(i.unsigned_print)
    i.xfer_completeness_check                0x00004378   Section        0  nrfx_twi.o(i.xfer_completeness_check)
    xfer_completeness_check                  0x00004379   Thumb Code    34  nrfx_twi.o(i.xfer_completeness_check)
    .constdata                               0x000043a0   Section       32  main.o(.constdata)
    delay_machine_code                       0x000043a0   Data           6  main.o(.constdata)
    .constdata                               0x000043c0   Section       32  max30102.o(.constdata)
    m_twi                                    0x000043c0   Data          16  max30102.o(.constdata)
    .constdata                               0x000043e0   Section        8  boards.o(.constdata)
    m_board_led_list                         0x000043e0   Data           4  boards.o(.constdata)
    m_board_btn_list                         0x000043e4   Data           4  boards.o(.constdata)
    .constdata                               0x000043e8   Section       46  nrfx_uart.o(.constdata)
    __func__                                 0x000043e8   Data          15  nrfx_uart.o(.constdata)
    irq_handlers                             0x000043f8   Data           4  nrfx_uart.o(.constdata)
    __func__                                 0x000043fc   Data          13  nrfx_uart.o(.constdata)
    __func__                                 0x00004409   Data          13  nrfx_uart.o(.constdata)
    .constdata                               0x00004418   Section       48  nrfx_uarte.o(.constdata)
    __func__                                 0x00004418   Data          16  nrfx_uarte.o(.constdata)
    irq_handlers                             0x00004428   Data           4  nrfx_uarte.o(.constdata)
    __func__                                 0x0000442c   Data          14  nrfx_uarte.o(.constdata)
    __func__                                 0x0000443a   Data          14  nrfx_uarte.o(.constdata)
    .constdata                               0x00004450   Section        6  nrf_drv_twi.o(.constdata)
    delay_machine_code                       0x00004450   Data           6  nrf_drv_twi.o(.constdata)
    .constdata                               0x00004458   Section       64  nrfx_twi.o(.constdata)
    __func__                                 0x00004458   Data          14  nrfx_twi.o(.constdata)
    irq_handlers                             0x00004468   Data           4  nrfx_twi.o(.constdata)
    __func__                                 0x0000446c   Data           9  nrfx_twi.o(.constdata)
    __func__                                 0x00004475   Data          14  nrfx_twi.o(.constdata)
    .constdata                               0x00004498   Section       16  nrf_fprintf_format.o(.constdata)
    _aV2C                                    0x00004498   Data          16  nrf_fprintf_format.o(.constdata)
    .constdata                               0x000044a8   Section       32  app_uart_fifo.o(.constdata)
    .constdata                               0x000044d0   Section       22  nrf_log_backend_rtt.o(.constdata)
    delay_machine_code                       0x000044e0   Data           6  nrf_log_backend_rtt.o(.constdata)
    .constdata                               0x000044e8   Section       12  nrf_log_frontend.o(.constdata)
    m_log_push_ringbuf                       0x000044e8   Data          12  nrf_log_frontend.o(.constdata)
    .constdata                               0x000044f4   Section      129  ctype_o.o(.constdata)
    .constdata                               0x00004578   Section        4  ctype_o.o(.constdata)
    table                                    0x00004578   Data           4  ctype_o.o(.constdata)
    .conststring                             0x0000457c   Section      102  nrf_log_str_formatter.o(.conststring)
    .conststrlit                             0x000045e4   Section        5  nrfx_uart.o(.conststrlit)
    .conststrlit                             0x000045ec   Section        6  nrfx_uarte.o(.conststrlit)
    .conststrlit                             0x000045f4   Section        4  nrfx_prs.o(.conststrlit)
    .conststrlit                             0x000045f8   Section        4  nrfx_twi.o(.conststrlit)
    .conststrlit                             0x000045fc   Section       16  nrf_log_default_backends.o(.conststrlit)
    .conststrlit                             0x0000460c   Section        4  nrf_log_frontend.o(.conststrlit)
    log_backends                             0x00004630   Section       16  nrf_log_default_backends.o(log_backends)
    __tagsym$$used                           0x00004630   Number         0  nrf_log_default_backends.o(log_backends)
    rtt_log_backend                          0x00004630   Data          16  nrf_log_default_backends.o(log_backends)
    log_const_data                           0x00004640   Section        8  nrfx_uart.o(log_const_data)
    __tagsym$$used                           0x00004640   Number         0  nrfx_uart.o(log_const_data)
    log_const_data                           0x00004648   Section        8  nrfx_uarte.o(log_const_data)
    __tagsym$$used                           0x00004648   Number         0  nrfx_uarte.o(log_const_data)
    log_const_data                           0x00004650   Section        8  nrfx_prs.o(log_const_data)
    __tagsym$$used                           0x00004650   Number         0  nrfx_prs.o(log_const_data)
    log_const_data                           0x00004658   Section        8  nrfx_twi.o(log_const_data)
    __tagsym$$used                           0x00004658   Number         0  nrfx_twi.o(log_const_data)
    log_const_data                           0x00004660   Section        8  nrf_log_frontend.o(log_const_data)
    __tagsym$$used                           0x00004660   Number         0  nrf_log_frontend.o(log_const_data)
    nrf_balloc                               0x00004668   Section       20  nrf_log_frontend.o(nrf_balloc)
    __tagsym$$used                           0x00004668   Number         0  nrf_log_frontend.o(nrf_balloc)
    .data                                    0x20000000   Section        1  max30102.o(.data)
    m_xfer_done                              0x20000000   Data           1  max30102.o(.data)
    .data                                    0x20000004   Section        9  nrf_drv_uart.o(.data)
    m_handlers                               0x20000004   Data           4  nrf_drv_uart.o(.data)
    m_contexts                               0x20000008   Data           4  nrf_drv_uart.o(.data)
    .data                                    0x20000010   Section        8  nrfx_prs.o(.data)
    m_prs_box_4                              0x20000010   Data           8  nrfx_prs.o(.data)
    .data                                    0x20000018   Section       16  nrf_drv_twi.o(.data)
    m_handlers                               0x20000018   Data           8  nrf_drv_twi.o(.data)
    m_contexts                               0x20000020   Data           8  nrf_drv_twi.o(.data)
    .data                                    0x20000028   Section        4  app_util_platform.o(.data)
    m_in_critical_region                     0x20000028   Data           4  app_util_platform.o(.data)
    .data                                    0x2000002c   Section       27  app_uart_fifo.o(.data)
    app_uart_inst                            0x2000002c   Data          20  app_uart_fifo.o(.data)
    m_event_handler                          0x20000040   Data           4  app_uart_fifo.o(.data)
    tx_buffer                                0x20000044   Data           1  app_uart_fifo.o(.data)
    rx_buffer                                0x20000045   Data           1  app_uart_fifo.o(.data)
    m_rx_ovf                                 0x20000046   Data           1  app_uart_fifo.o(.data)
    .data                                    0x20000048   Section        8  retarget.o(.data)
    .data                                    0x20000050   Section        1  nrf_log_backend_rtt.o(.data)
    m_host_present                           0x20000050   Data           1  nrf_log_backend_rtt.o(.data)
    .data                                    0x20000054   Section        8  nrf_log_default_backends.o(.data)
    log_backend_cb_rtt_log_backend           0x20000054   Data           8  nrf_log_default_backends.o(.data)
    .data                                    0x2000005c   Section       20  nrf_log_frontend.o(.data)
    log_mempool_nrf_balloc_pool_stack        0x2000005c   Data           8  nrf_log_frontend.o(.data)
    log_mempool_nrf_balloc_cb                0x20000064   Data           8  nrf_log_frontend.o(.data)
    m_buffer_mask                            0x2000006c   Data           4  nrf_log_frontend.o(.data)
    .data                                    0x20000070   Section       64  nrf_log_str_formatter.o(.data)
    severity_names                           0x20000070   Data          20  nrf_log_str_formatter.o(.data)
    m_colors                                 0x20000084   Data          36  nrf_log_str_formatter.o(.data)
    m_freq                                   0x200000a8   Data           4  nrf_log_str_formatter.o(.data)
    m_timestamp_div                          0x200000ac   Data           4  nrf_log_str_formatter.o(.data)
    .data                                    0x200000b0   Section        4  system_nrf52.o(.data)
    __tagsym$$used                           0x200000b0   Number         0  system_nrf52.o(.data)
    .bss                                     0x200000b4   Section      512  main.o(.bss)
    rx_buf                                   0x200000b4   Data         256  main.o(.bss)
    tx_buf                                   0x200001b4   Data         256  main.o(.bss)
    .bss                                     0x200002b4   Section       44  nrfx_uart.o(.bss)
    m_cb                                     0x200002b4   Data          44  nrfx_uart.o(.bss)
    .bss                                     0x200002e0   Section       36  nrfx_uarte.o(.bss)
    m_cb                                     0x200002e0   Data          36  nrfx_uarte.o(.bss)
    .bss                                     0x20000304   Section       60  nrfx_twi.o(.bss)
    m_cb                                     0x20000304   Data          60  nrfx_twi.o(.bss)
    .bss                                     0x20000340   Section       32  app_uart_fifo.o(.bss)
    m_rx_fifo                                0x20000340   Data          16  app_uart_fifo.o(.bss)
    m_tx_fifo                                0x20000350   Data          16  app_uart_fifo.o(.bss)
    .bss                                     0x20000360   Section       64  nrf_log_backend_rtt.o(.bss)
    m_string_buff                            0x20000360   Data          64  nrf_log_backend_rtt.o(.bss)
    .bss                                     0x200003a0   Section     1400  nrf_log_frontend.o(.bss)
    log_mempool_nrf_balloc_pool_mem          0x200003a0   Data         192  nrf_log_frontend.o(.bss)
    m_log_push_ringbuf_buf                   0x20000460   Data         128  nrf_log_frontend.o(.bss)
    m_log_push_ringbuf_cb                    0x200004e0   Data          24  nrf_log_frontend.o(.bss)
    m_log_data                               0x200004f8   Data        1056  nrf_log_frontend.o(.bss)
    .bss                                     0x20000918   Section      648  segger_rtt.o(.bss)
    _acUpBuffer                              0x20000990   Data         512  segger_rtt.o(.bss)
    _acDownBuffer                            0x20000b90   Data          16  segger_rtt.o(.bss)
    STACK                                    0x20000ba0   Section     4096  arm_startup_nrf52.o(STACK)

    Global Symbols

    Symbol Name                              Value     Ov Type        Size  Object(Section)

    BuildAttributes$$THM_ISAv4$E$P$D$K$B$S$7EM$VFPi3$EXTD16$VFPS$VFMA$PE$A:L22UL41UL21$X:L11$S22US41US21$IEEE1$IW$USESV6$~STKCKD$USESV7$~SHL$OSPACE$ROPI$EBA8$MICROLIB$REQ8$EABIv2 0x00000000   Number         0  anon$$obj.o ABSOLUTE
    __ARM_use_no_argv                        0x00000000   Number         0  main.o ABSOLUTE
    __Vectors                                0x00000000   Data           4  arm_startup_nrf52.o(RESET)
    _printf_a                                0x00000000   Number         0  stubs.o ABSOLUTE
    _printf_c                                0x00000000   Number         0  stubs.o ABSOLUTE
    _printf_charcount                        0x00000000   Number         0  stubs.o ABSOLUTE
    _printf_d                                0x00000000   Number         0  stubs.o ABSOLUTE
    _printf_e                                0x00000000   Number         0  stubs.o ABSOLUTE
    _printf_f                                0x00000000   Number         0  stubs.o ABSOLUTE
    _printf_flags                            0x00000000   Number         0  stubs.o ABSOLUTE
    _printf_fp_dec                           0x00000000   Number         0  stubs.o ABSOLUTE
    _printf_fp_hex                           0x00000000   Number         0  stubs.o ABSOLUTE
    _printf_g                                0x00000000   Number         0  stubs.o ABSOLUTE
    _printf_i                                0x00000000   Number         0  stubs.o ABSOLUTE
    _printf_int_dec                          0x00000000   Number         0  stubs.o ABSOLUTE
    _printf_l                                0x00000000   Number         0  stubs.o ABSOLUTE
    _printf_lc                               0x00000000   Number         0  stubs.o ABSOLUTE
    _printf_ll                               0x00000000   Number         0  stubs.o ABSOLUTE
    _printf_lld                              0x00000000   Number         0  stubs.o ABSOLUTE
    _printf_lli                              0x00000000   Number         0  stubs.o ABSOLUTE
    _printf_llo                              0x00000000   Number         0  stubs.o ABSOLUTE
    _printf_llu                              0x00000000   Number         0  stubs.o ABSOLUTE
    _printf_llx                              0x00000000   Number         0  stubs.o ABSOLUTE
    _printf_longlong_dec                     0x00000000   Number         0  stubs.o ABSOLUTE
    _printf_longlong_hex                     0x00000000   Number         0  stubs.o ABSOLUTE
    _printf_longlong_oct                     0x00000000   Number         0  stubs.o ABSOLUTE
    _printf_ls                               0x00000000   Number         0  stubs.o ABSOLUTE
    _printf_mbtowc                           0x00000000   Number         0  stubs.o ABSOLUTE
    _printf_n                                0x00000000   Number         0  stubs.o ABSOLUTE
    _printf_o                                0x00000000   Number         0  stubs.o ABSOLUTE
    _printf_p                                0x00000000   Number         0  stubs.o ABSOLUTE
    _printf_percent                          0x00000000   Number         0  stubs.o ABSOLUTE
    _printf_pre_padding                      0x00000000   Number         0  stubs.o ABSOLUTE
    _printf_return_value                     0x00000000   Number         0  stubs.o ABSOLUTE
    _printf_s                                0x00000000   Number         0  stubs.o ABSOLUTE
    _printf_sizespec                         0x00000000   Number         0  stubs.o ABSOLUTE
    _printf_str                              0x00000000   Number         0  stubs.o ABSOLUTE
    _printf_truncate_signed                  0x00000000   Number         0  stubs.o ABSOLUTE
    _printf_truncate_unsigned                0x00000000   Number         0  stubs.o ABSOLUTE
    _printf_u                                0x00000000   Number         0  stubs.o ABSOLUTE
    _printf_wc                               0x00000000   Number         0  stubs.o ABSOLUTE
    _printf_wctomb                           0x00000000   Number         0  stubs.o ABSOLUTE
    _printf_widthprec                        0x00000000   Number         0  stubs.o ABSOLUTE
    _printf_x                                0x00000000   Number         0  stubs.o ABSOLUTE
    __arm_fini_                               - Undefined Weak Reference
    __cpp_initialize__aeabi_                  - Undefined Weak Reference
    __cxa_finalize                            - Undefined Weak Reference
    __decompress                              - Undefined Weak Reference
    _clock_init                               - Undefined Weak Reference
    _microlib_exit                            - Undefined Weak Reference
    log_dynamic_data$$Base                    - Undefined Reference
    __Vectors_End                            0x00000200   Data           0  arm_startup_nrf52.o(RESET)
    __Vectors_Size                           0x00000200   Number         0  arm_startup_nrf52.o ABSOLUTE
    __main                                   0x00000201   Thumb Code     0  entry.o(.ARM.Collect$$$$00000000)
    _main_stk                                0x00000201   Thumb Code     0  entry2.o(.ARM.Collect$$$$00000001)
    _main_scatterload                        0x00000205   Thumb Code     0  entry5.o(.ARM.Collect$$$$00000004)
    __main_after_scatterload                 0x00000209   Thumb Code     0  entry5.o(.ARM.Collect$$$$00000004)
    _main_clock                              0x00000209   Thumb Code     0  entry7b.o(.ARM.Collect$$$$00000008)
    _main_cpp_init                           0x00000209   Thumb Code     0  entry8b.o(.ARM.Collect$$$$0000000A)
    _main_init                               0x00000209   Thumb Code     0  entry9a.o(.ARM.Collect$$$$0000000B)
    __rt_lib_shutdown_fini                   0x00000211   Thumb Code     0  entry12b.o(.ARM.Collect$$$$0000000E)
    __rt_final_cpp                           0x00000215   Thumb Code     0  entry10a.o(.ARM.Collect$$$$0000000F)
    __rt_final_exit                          0x00000215   Thumb Code     0  entry11a.o(.ARM.Collect$$$$00000011)
    __asm___12_nrf_atomic_c_85ca2469__nrf_atomic_internal_mov 0x00000219   Thumb Code    24  nrf_atomic.o(.emb_text)
    __asm___12_nrf_atomic_c_85ca2469__nrf_atomic_internal_orr 0x00000231   Thumb Code    26  nrf_atomic.o(.emb_text)
    __asm___12_nrf_atomic_c_85ca2469__nrf_atomic_internal_and 0x0000024b   Thumb Code    26  nrf_atomic.o(.emb_text)
    __asm___12_nrf_atomic_c_85ca2469__nrf_atomic_internal_eor 0x00000265   Thumb Code    26  nrf_atomic.o(.emb_text)
    __asm___12_nrf_atomic_c_85ca2469__nrf_atomic_internal_add 0x0000027f   Thumb Code    26  nrf_atomic.o(.emb_text)
    __asm___12_nrf_atomic_c_85ca2469__nrf_atomic_internal_sub 0x00000299   Thumb Code    26  nrf_atomic.o(.emb_text)
    __asm___12_nrf_atomic_c_85ca2469__nrf_atomic_internal_cmp_exch 0x000002b3   Thumb Code    42  nrf_atomic.o(.emb_text)
    __asm___12_nrf_atomic_c_85ca2469__nrf_atomic_internal_sub_hs 0x000002dd   Thumb Code    30  nrf_atomic.o(.emb_text)
    Reset_Handler                            0x000002fd   Thumb Code     8  arm_startup_nrf52.o(.text)
    NMI_Handler                              0x00000305   Thumb Code     2  arm_startup_nrf52.o(.text)
    HardFault_Handler                        0x00000307   Thumb Code     2  arm_startup_nrf52.o(.text)
    MemoryManagement_Handler                 0x00000309   Thumb Code     2  arm_startup_nrf52.o(.text)
    BusFault_Handler                         0x0000030b   Thumb Code     2  arm_startup_nrf52.o(.text)
    UsageFault_Handler                       0x0000030d   Thumb Code     2  arm_startup_nrf52.o(.text)
    SVC_Handler                              0x0000030f   Thumb Code     2  arm_startup_nrf52.o(.text)
    DebugMon_Handler                         0x00000311   Thumb Code     2  arm_startup_nrf52.o(.text)
    PendSV_Handler                           0x00000313   Thumb Code     2  arm_startup_nrf52.o(.text)
    SysTick_Handler                          0x00000315   Thumb Code     2  arm_startup_nrf52.o(.text)
    CCM_AAR_IRQHandler                       0x00000317   Thumb Code     0  arm_startup_nrf52.o(.text)
    COMP_LPCOMP_IRQHandler                   0x00000317   Thumb Code     0  arm_startup_nrf52.o(.text)
    ECB_IRQHandler                           0x00000317   Thumb Code     0  arm_startup_nrf52.o(.text)
    FPU_IRQHandler                           0x00000317   Thumb Code     0  arm_startup_nrf52.o(.text)
    GPIOTE_IRQHandler                        0x00000317   Thumb Code     0  arm_startup_nrf52.o(.text)
    I2S_IRQHandler                           0x00000317   Thumb Code     0  arm_startup_nrf52.o(.text)
    MWU_IRQHandler                           0x00000317   Thumb Code     0  arm_startup_nrf52.o(.text)
    NFCT_IRQHandler                          0x00000317   Thumb Code     0  arm_startup_nrf52.o(.text)
    PDM_IRQHandler                           0x00000317   Thumb Code     0  arm_startup_nrf52.o(.text)
    POWER_CLOCK_IRQHandler                   0x00000317   Thumb Code     0  arm_startup_nrf52.o(.text)
    PWM0_IRQHandler                          0x00000317   Thumb Code     0  arm_startup_nrf52.o(.text)
    PWM1_IRQHandler                          0x00000317   Thumb Code     0  arm_startup_nrf52.o(.text)
    PWM2_IRQHandler                          0x00000317   Thumb Code     0  arm_startup_nrf52.o(.text)
    QDEC_IRQHandler                          0x00000317   Thumb Code     0  arm_startup_nrf52.o(.text)
    RADIO_IRQHandler                         0x00000317   Thumb Code     0  arm_startup_nrf52.o(.text)
    RNG_IRQHandler                           0x00000317   Thumb Code     0  arm_startup_nrf52.o(.text)
    RTC0_IRQHandler                          0x00000317   Thumb Code     0  arm_startup_nrf52.o(.text)
    RTC1_IRQHandler                          0x00000317   Thumb Code     0  arm_startup_nrf52.o(.text)
    RTC2_IRQHandler                          0x00000317   Thumb Code     0  arm_startup_nrf52.o(.text)
    SAADC_IRQHandler                         0x00000317   Thumb Code     0  arm_startup_nrf52.o(.text)
    SPIM0_SPIS0_TWIM0_TWIS0_SPI0_TWI0_IRQHandler 0x00000317   Thumb Code     0  arm_startup_nrf52.o(.text)
    SPIM2_SPIS2_SPI2_IRQHandler              0x00000317   Thumb Code     0  arm_startup_nrf52.o(.text)
    SWI0_EGU0_IRQHandler                     0x00000317   Thumb Code     0  arm_startup_nrf52.o(.text)
    SWI1_EGU1_IRQHandler                     0x00000317   Thumb Code     0  arm_startup_nrf52.o(.text)
    SWI2_EGU2_IRQHandler                     0x00000317   Thumb Code     0  arm_startup_nrf52.o(.text)
    SWI3_EGU3_IRQHandler                     0x00000317   Thumb Code     0  arm_startup_nrf52.o(.text)
    SWI4_EGU4_IRQHandler                     0x00000317   Thumb Code     0  arm_startup_nrf52.o(.text)
    SWI5_EGU5_IRQHandler                     0x00000317   Thumb Code     0  arm_startup_nrf52.o(.text)
    TEMP_IRQHandler                          0x00000317   Thumb Code     0  arm_startup_nrf52.o(.text)
    TIMER0_IRQHandler                        0x00000317   Thumb Code     0  arm_startup_nrf52.o(.text)
    TIMER1_IRQHandler                        0x00000317   Thumb Code     0  arm_startup_nrf52.o(.text)
    TIMER2_IRQHandler                        0x00000317   Thumb Code     0  arm_startup_nrf52.o(.text)
    TIMER3_IRQHandler                        0x00000317   Thumb Code     0  arm_startup_nrf52.o(.text)
    TIMER4_IRQHandler                        0x00000317   Thumb Code     0  arm_startup_nrf52.o(.text)
    WDT_IRQHandler                           0x00000317   Thumb Code     0  arm_startup_nrf52.o(.text)
    __rt_ctype_table                         0x00000321   Thumb Code     4  ctype_o.o(.text)
    __aeabi_memcpy                           0x00000329   Thumb Code    36  memcpya.o(.text)
    __aeabi_memcpy4                          0x00000329   Thumb Code     0  memcpya.o(.text)
    __aeabi_memcpy8                          0x00000329   Thumb Code     0  memcpya.o(.text)
    __aeabi_memset                           0x0000034d   Thumb Code    14  memseta.o(.text)
    __aeabi_memset4                          0x0000034d   Thumb Code     0  memseta.o(.text)
    __aeabi_memset8                          0x0000034d   Thumb Code     0  memseta.o(.text)
    __aeabi_memclr                           0x0000035b   Thumb Code     4  memseta.o(.text)
    __aeabi_memclr4                          0x0000035b   Thumb Code     0  memseta.o(.text)
    __aeabi_memclr8                          0x0000035b   Thumb Code     0  memseta.o(.text)
    _memset$wrapper                          0x0000035f   Thumb Code    18  memseta.o(.text)
    strlen                                   0x00000371   Thumb Code    14  strlen.o(.text)
    strcpy                                   0x0000037f   Thumb Code    18  strcpy.o(.text)
    __aeabi_uidiv                            0x00000391   Thumb Code     0  uidiv.o(.text)
    __aeabi_uidivmod                         0x00000391   Thumb Code    44  uidiv.o(.text)
    __scatterload                            0x000003bd   Thumb Code    28  init.o(.text)
    __scatterload_rt2                        0x000003bd   Thumb Code     0  init.o(.text)
    MAX30102_Init                            0x000003e1   Thumb Code    92  max30102.o(i.MAX30102_Init)
    SEGGER_RTT_Init                          0x0000043d   Thumb Code     8  segger_rtt.o(i.SEGGER_RTT_Init)
    SEGGER_RTT_WriteNoLock                   0x00000445   Thumb Code   126  segger_rtt.o(i.SEGGER_RTT_WriteNoLock)
    SPIM1_SPIS1_TWIM1_TWIS1_SPI1_TWI1_IRQHandler 0x000004c9   Thumb Code    14  nrfx_twi.o(i.SPIM1_SPIS1_TWIM1_TWIS1_SPI1_TWI1_IRQHandler)
    SystemCoreClockUpdate                    0x000004dd   Thumb Code     8  system_nrf52.o(i.SystemCoreClockUpdate)
    SystemInit                               0x000004ed   Thumb Code   596  system_nrf52.o(i.SystemInit)
    UARTE0_UART0_IRQHandler                  0x00000785   Thumb Code    10  nrfx_prs.o(i.UARTE0_UART0_IRQHandler)
    __0printf$1                              0x000008e1   Thumb Code    22  printf1.o(i.__0printf$1)
    __1printf$1                              0x000008e1   Thumb Code     0  printf1.o(i.__0printf$1)
    __2printf                                0x000008e1   Thumb Code     0  printf1.o(i.__0printf$1)
    __scatterload_copy                       0x00000901   Thumb Code    14  handlers.o(i.__scatterload_copy)
    __scatterload_null                       0x0000090f   Thumb Code     2  handlers.o(i.__scatterload_null)
    __scatterload_zeroinit                   0x00000911   Thumb Code    14  handlers.o(i.__scatterload_zeroinit)
    app_error_fault_handler                  0x00000a75   Thumb Code   146  app_error_weak.o(i.app_error_fault_handler)
    app_error_handler_bare                   0x00000b35   Thumb Code    28  app_error.o(i.app_error_handler_bare)
    app_fifo_get                             0x00000b51   Thumb Code    30  app_fifo.o(i.app_fifo_get)
    app_fifo_init                            0x00000b6f   Thumb Code    36  app_fifo.o(i.app_fifo_init)
    app_fifo_put                             0x00000b93   Thumb Code    34  app_fifo.o(i.app_fifo_put)
    app_uart_init                            0x00000bb5   Thumb Code   188  app_uart_fifo.o(i.app_uart_init)
    app_uart_put                             0x00000c91   Thumb Code    90  app_uart_fifo.o(i.app_uart_put)
    app_util_critical_region_enter           0x00000cfd   Thumb Code    10  app_util_platform.o(i.app_util_critical_region_enter)
    app_util_critical_region_exit            0x00000d07   Thumb Code    10  app_util_platform.o(i.app_util_critical_region_exit)
    app_util_disable_irq                     0x00000d11   Thumb Code    14  app_util_platform.o(i.app_util_disable_irq)
    app_util_enable_irq                      0x00000d25   Thumb Code    20  app_util_platform.o(i.app_util_enable_irq)
    bsp_board_init                           0x00000e9d   Thumb Code    26  boards.o(i.bsp_board_init)
    bsp_board_led_off                        0x00000eb9   Thumb Code    16  boards.o(i.bsp_board_led_off)
    bsp_board_leds_off                       0x00000efd   Thumb Code    20  boards.o(i.bsp_board_leds_off)
    buffer_is_empty                          0x00001021   Thumb Code    20  nrf_log_frontend.o(i.buffer_is_empty)
    fputc                                    0x000010a1   Thumb Code    16  retarget.o(i.fputc)
    main                                     0x000013f1   Thumb Code   220  main.o(i.main)
    max30102_read_fifo                       0x00001505   Thumb Code   230  max30102.o(i.max30102_read_fifo)
    max30102_read_reg                        0x000015f5   Thumb Code   112  max30102.o(i.max30102_read_reg)
    max30102_reset                           0x0000166d   Thumb Code    12  max30102.o(i.max30102_reset)
    max30102_write_reg                       0x00001679   Thumb Code    70  max30102.o(i.max30102_write_reg)
    nrf_atomic_flag_clear_fetch              0x00001b35   Thumb Code    14  nrf_atomic.o(i.nrf_atomic_flag_clear_fetch)
    nrf_atomic_flag_set                      0x00001b43   Thumb Code    14  nrf_atomic.o(i.nrf_atomic_flag_set)
    nrf_atomic_u32_add                       0x00001b51   Thumb Code    22  nrf_atomic.o(i.nrf_atomic_u32_add)
    nrf_atomic_u32_fetch_and                 0x00001b67   Thumb Code    22  nrf_atomic.o(i.nrf_atomic_u32_fetch_and)
    nrf_atomic_u32_fetch_store               0x00001b7d   Thumb Code    22  nrf_atomic.o(i.nrf_atomic_u32_fetch_store)
    nrf_atomic_u32_or                        0x00001b93   Thumb Code    22  nrf_atomic.o(i.nrf_atomic_u32_or)
    nrf_atomic_u32_sub                       0x00001ba9   Thumb Code    22  nrf_atomic.o(i.nrf_atomic_u32_sub)
    nrf_balloc_alloc                         0x00001bbf   Thumb Code    76  nrf_balloc.o(i.nrf_balloc_alloc)
    nrf_balloc_free                          0x00001c1b   Thumb Code    42  nrf_balloc.o(i.nrf_balloc_free)
    nrf_balloc_init                          0x00001c51   Thumb Code    60  nrf_balloc.o(i.nrf_balloc_init)
    nrf_drv_twi_init                         0x00001cbd   Thumb Code    68  nrf_drv_twi.o(i.nrf_drv_twi_init)
    nrf_drv_uart_init                        0x00001d5d   Thumb Code   118  nrf_drv_uart.o(i.nrf_drv_uart_init)
    nrf_fprintf                              0x00001e71   Thumb Code    42  nrf_fprintf.o(i.nrf_fprintf)
    nrf_fprintf_buffer_flush                 0x00001e9b   Thumb Code    28  nrf_fprintf.o(i.nrf_fprintf_buffer_flush)
    nrf_fprintf_fmt                          0x00001eb7   Thumb Code   496  nrf_fprintf_format.o(i.nrf_fprintf_fmt)
    nrf_log_backend_add                      0x00002255   Thumb Code    78  nrf_log_frontend.o(i.nrf_log_backend_add)
    nrf_log_backend_rtt_init                 0x000022ab   Thumb Code     8  nrf_log_backend_rtt.o(i.nrf_log_backend_rtt_init)
    nrf_log_backend_serial_put               0x000022d5   Thumb Code   242  nrf_log_backend_serial.o(i.nrf_log_backend_serial_put)
    nrf_log_color_id_get                     0x000023c9   Thumb Code    52  nrf_log_frontend.o(i.nrf_log_color_id_get)
    nrf_log_default_backends_init            0x00002401   Thumb Code    34  nrf_log_default_backends.o(i.nrf_log_default_backends_init)
    nrf_log_frontend_dequeue                 0x00002429   Thumb Code   748  nrf_log_frontend.o(i.nrf_log_frontend_dequeue)
    nrf_log_frontend_std_0                   0x0000273d   Thumb Code    20  nrf_log_frontend.o(i.nrf_log_frontend_std_0)
    nrf_log_hexdump_entry_process            0x00002751   Thumb Code   164  nrf_log_str_formatter.o(i.nrf_log_hexdump_entry_process)
    nrf_log_init                             0x0000280d   Thumb Code    50  nrf_log_frontend.o(i.nrf_log_init)
    nrf_log_module_cnt_get                   0x00002855   Thumb Code    10  nrf_log_frontend.o(i.nrf_log_module_cnt_get)
    nrf_log_module_name_get                  0x00002869   Thumb Code    30  nrf_log_frontend.o(i.nrf_log_module_name_get)
    nrf_log_panic                            0x0000288d   Thumb Code    48  nrf_log_frontend.o(i.nrf_log_panic)
    nrf_log_std_entry_process                0x000028c1   Thumb Code   200  nrf_log_str_formatter.o(i.nrf_log_std_entry_process)
    nrf_memobj_alloc                         0x00002989   Thumb Code   122  nrf_memobj.o(i.nrf_memobj_alloc)
    nrf_memobj_free                          0x00002a03   Thumb Code    64  nrf_memobj.o(i.nrf_memobj_free)
    nrf_memobj_get                           0x00002a43   Thumb Code    16  nrf_memobj.o(i.nrf_memobj_get)
    nrf_memobj_pool_init                     0x00002a53   Thumb Code    12  nrf_memobj.o(i.nrf_memobj_pool_init)
    nrf_memobj_put                           0x00002a5f   Thumb Code    30  nrf_memobj.o(i.nrf_memobj_put)
    nrf_memobj_read                          0x00002a7d   Thumb Code    34  nrf_memobj.o(i.nrf_memobj_read)
    nrf_memobj_write                         0x00002a9f   Thumb Code    34  nrf_memobj.o(i.nrf_memobj_write)
    nrf_ringbuf_init                         0x00002ac1   Thumb Code    28  nrf_ringbuf.o(i.nrf_ringbuf_init)
    nrfx_prs_acquire                         0x00002c45   Thumb Code    72  nrfx_prs.o(i.nrfx_prs_acquire)
    nrfx_twi_enable                          0x00002c8d   Thumb Code    32  nrfx_twi.o(i.nrfx_twi_enable)
    nrfx_twi_init                            0x00002cb1   Thumb Code   274  nrfx_twi.o(i.nrfx_twi_init)
    nrfx_twi_rx                              0x00002dd5   Thumb Code    44  nrfx_twi.o(i.nrfx_twi_rx)
    nrfx_twi_tx                              0x00002e05   Thumb Code    62  nrfx_twi.o(i.nrfx_twi_tx)
    nrfx_twi_xfer                            0x00002e45   Thumb Code    44  nrfx_twi.o(i.nrfx_twi_xfer)
    nrfx_uart_0_irq_handler                  0x00002e75   Thumb Code    12  nrfx_uart.o(i.nrfx_uart_0_irq_handler)
    nrfx_uart_init                           0x00002e89   Thumb Code   128  nrfx_uart.o(i.nrfx_uart_init)
    nrfx_uart_rx                             0x00002f11   Thumb Code   286  nrfx_uart.o(i.nrfx_uart_rx)
    nrfx_uart_tx                             0x00003035   Thumb Code   134  nrfx_uart.o(i.nrfx_uart_tx)
    nrfx_uart_tx_in_progress                 0x000030c1   Thumb Code    30  nrfx_uart.o(i.nrfx_uart_tx_in_progress)
    nrfx_uarte_0_irq_handler                 0x000030e5   Thumb Code    12  nrfx_uarte.o(i.nrfx_uarte_0_irq_handler)
    nrfx_uarte_init                          0x000030f9   Thumb Code   120  nrfx_uarte.o(i.nrfx_uarte_init)
    nrfx_uarte_rx                            0x00003179   Thumb Code   306  nrfx_uarte.o(i.nrfx_uarte_rx)
    nrfx_uarte_tx                            0x000032b1   Thumb Code   188  nrfx_uarte.o(i.nrfx_uarte_tx)
    nrfx_uarte_tx_in_progress                0x00003371   Thumb Code    26  nrfx_uarte.o(i.nrfx_uarte_tx_in_progress)
    twi_handler                              0x000037dd   Thumb Code    50  max30102.o(i.twi_handler)
    twi_master_init                          0x000038f1   Thumb Code    54  max30102.o(i.twi_master_init)
    uart_config                              0x00003e65   Thumb Code    74  main.o(i.uart_config)
    uart_error_handle                        0x00003ec1   Thumb Code    38  main.o(i.uart_error_handle)
    nrf_log_backend_rtt_api                  0x000044d0   Data          12  nrf_log_backend_rtt.o(.constdata)
    __ctype_table                            0x000044f4   Data         129  ctype_o.o(.constdata)
    Region$$Table$$Base                      0x00004610   Number         0  anon$$obj.o(Region$$Table)
    Region$$Table$$Limit                     0x00004630   Number         0  anon$$obj.o(Region$$Table)
    log_const_data$$Base                     0x00004640   Number         0  nrfx_uart.o(log_const_data)
    m_nrf_log_UART_logs_data_const           0x00004640   Data           8  nrfx_uart.o(log_const_data)
    m_nrf_log_UARTE_logs_data_const          0x00004648   Data           8  nrfx_uarte.o(log_const_data)
    m_nrf_log_PRS_logs_data_const            0x00004650   Data           8  nrfx_prs.o(log_const_data)
    m_nrf_log_TWI_logs_data_const            0x00004658   Data           8  nrfx_twi.o(log_const_data)
    m_nrf_log_app_logs_data_const            0x00004660   Data           8  nrf_log_frontend.o(log_const_data)
    log_const_data$$Limit                    0x00004668   Number         0  nrf_log_frontend.o(log_const_data)
    log_mempool                              0x00004668   Data          20  nrf_log_frontend.o(nrf_balloc)
    nrf_drv_uart_use_easy_dma                0x2000000c   Data           1  nrf_drv_uart.o(.data)
    __stdout                                 0x20000048   Data           4  retarget.o(.data)
    __stdin                                  0x2000004c   Data           4  retarget.o(.data)
    SystemCoreClock                          0x200000b0   Data           4  system_nrf52.o(.data)
    _SEGGER_RTT                              0x20000918   Data         120  segger_rtt.o(.bss)
    __initial_sp                             0x20001ba0   Data           0  arm_startup_nrf52.o(STACK)



==============================================================================

Memory Map of the image

  Image Entry point : 0x00000201

  Load Region LR_IROM1 (Base: 0x00000000, Size: 0x00004730, Max: 0x00080000, ABSOLUTE)

    Execution Region ER_IROM1 (Exec base: 0x00000000, Load base: 0x00000000, Size: 0x0000467c, Max: 0x00080000, ABSOLUTE)

    Exec Addr    Load Addr    Size         Type   Attr      Idx    E Section Name        Object

    0x00000000   0x00000000   0x00000200   Data   RO         3064    RESET               arm_startup_nrf52.o
    0x00000200   0x00000200   0x00000000   Code   RO         4955  * .ARM.Collect$$$$00000000  mc_w.l(entry.o)
    0x00000200   0x00000200   0x00000004   Code   RO         5257    .ARM.Collect$$$$00000001  mc_w.l(entry2.o)
    0x00000204   0x00000204   0x00000004   Code   RO         5260    .ARM.Collect$$$$00000004  mc_w.l(entry5.o)
    0x00000208   0x00000208   0x00000000   Code   RO         5262    .ARM.Collect$$$$00000008  mc_w.l(entry7b.o)
    0x00000208   0x00000208   0x00000000   Code   RO         5264    .ARM.Collect$$$$0000000A  mc_w.l(entry8b.o)
    0x00000208   0x00000208   0x00000008   Code   RO         5265    .ARM.Collect$$$$0000000B  mc_w.l(entry9a.o)
    0x00000210   0x00000210   0x00000004   Code   RO         5272    .ARM.Collect$$$$0000000E  mc_w.l(entry12b.o)
    0x00000214   0x00000214   0x00000000   Code   RO         5267    .ARM.Collect$$$$0000000F  mc_w.l(entry10a.o)
    0x00000214   0x00000214   0x00000000   Code   RO         5269    .ARM.Collect$$$$00000011  mc_w.l(entry11a.o)
    0x00000214   0x00000214   0x00000004   Code   RO         5258    .ARM.Collect$$$$00002712  mc_w.l(entry2.o)
    0x00000218   0x00000218   0x000000e2   Code   RO         1989    .emb_text           nrf_atomic.o
    0x000002fa   0x000002fa   0x00000002   PAD
    0x000002fc   0x000002fc   0x00000024   Code   RO         3065    .text               arm_startup_nrf52.o
    0x00000320   0x00000320   0x00000008   Code   RO         4958    .text               mc_w.l(ctype_o.o)
    0x00000328   0x00000328   0x00000024   Code   RO         4986    .text               mc_w.l(memcpya.o)
    0x0000034c   0x0000034c   0x00000024   Code   RO         4988    .text               mc_w.l(memseta.o)
    0x00000370   0x00000370   0x0000000e   Code   RO         4990    .text               mc_w.l(strlen.o)
    0x0000037e   0x0000037e   0x00000012   Code   RO         4992    .text               mc_w.l(strcpy.o)
    0x00000390   0x00000390   0x0000002c   Code   RO         5273    .text               mc_w.l(uidiv.o)
    0x000003bc   0x000003bc   0x00000024   Code   RO         5288    .text               mc_w.l(init.o)
    0x000003e0   0x000003e0   0x0000005c   Code   RO          269    i.MAX30102_Init     max30102.o
    0x0000043c   0x0000043c   0x00000008   Code   RO         2813    i.SEGGER_RTT_Init   segger_rtt.o
    0x00000444   0x00000444   0x00000084   Code   RO         2827    i.SEGGER_RTT_WriteNoLock  segger_rtt.o
    0x000004c8   0x000004c8   0x00000014   Code   RO         1312    i.SPIM1_SPIS1_TWIM1_TWIS1_SPI1_TWI1_IRQHandler  nrfx_twi.o
    0x000004dc   0x000004dc   0x00000010   Code   RO         3072    i.SystemCoreClockUpdate  system_nrf52.o
    0x000004ec   0x000004ec   0x00000298   Code   RO         3073    i.SystemInit        system_nrf52.o
    0x00000784   0x00000784   0x00000010   Code   RO         1192    i.UARTE0_UART0_IRQHandler  nrfx_prs.o
    0x00000794   0x00000794   0x00000070   Code   RO         2831    i._DoInit           segger_rtt.o
    0x00000804   0x00000804   0x0000001c   Code   RO         2832    i._GetAvailWriteSpace  segger_rtt.o
    0x00000820   0x00000820   0x00000072   Code   RO         2834    i._WriteBlocking    segger_rtt.o
    0x00000892   0x00000892   0x0000004c   Code   RO         2835    i._WriteNoCheck     segger_rtt.o
    0x000008de   0x000008de   0x00000002   PAD
    0x000008e0   0x000008e0   0x00000020   Code   RO         5041    i.__0printf$1       mc_w.l(printf1.o)
    0x00000900   0x00000900   0x0000000e   Code   RO         5300    i.__scatterload_copy  mc_w.l(handlers.o)
    0x0000090e   0x0000090e   0x00000002   Code   RO         5301    i.__scatterload_null  mc_w.l(handlers.o)
    0x00000910   0x00000910   0x0000000e   Code   RO         5302    i.__scatterload_zeroinit  mc_w.l(handlers.o)
    0x0000091e   0x0000091e   0x00000002   PAD
    0x00000920   0x00000920   0x00000154   Code   RO         5048    i._printf_core      mc_w.l(printf1.o)
    0x00000a74   0x00000a74   0x000000c0   Code   RO         1694    i.app_error_fault_handler  app_error_weak.o
    0x00000b34   0x00000b34   0x0000001c   Code   RO         1538    i.app_error_handler_bare  app_error.o
    0x00000b50   0x00000b50   0x0000001e   Code   RO         2176    i.app_fifo_get      app_fifo.o
    0x00000b6e   0x00000b6e   0x00000024   Code   RO         2177    i.app_fifo_init     app_fifo.o
    0x00000b92   0x00000b92   0x00000022   Code   RO         2179    i.app_fifo_put      app_fifo.o
    0x00000bb4   0x00000bb4   0x000000dc   Code   RO         2264    i.app_uart_init     app_uart_fifo.o
    0x00000c90   0x00000c90   0x0000006c   Code   RO         2265    i.app_uart_put      app_uart_fifo.o
    0x00000cfc   0x00000cfc   0x0000000a   Code   RO         1599    i.app_util_critical_region_enter  app_util_platform.o
    0x00000d06   0x00000d06   0x0000000a   Code   RO         1600    i.app_util_critical_region_exit  app_util_platform.o
    0x00000d10   0x00000d10   0x00000014   Code   RO         1601    i.app_util_disable_irq  app_util_platform.o
    0x00000d24   0x00000d24   0x00000018   Code   RO         1602    i.app_util_enable_irq  app_util_platform.o
    0x00000d3c   0x00000d3c   0x0000007c   Code   RO          712    i.apply_config      nrfx_uart.o
    0x00000db8   0x00000db8   0x0000007c   Code   RO          970    i.apply_config      nrfx_uarte.o
    0x00000e34   0x00000e34   0x0000003c   Code   RO         2545    i.backend_id_assign  nrf_log_frontend.o
    0x00000e70   0x00000e70   0x0000002c   Code   RO          405    i.bsp_board_buttons_init  boards.o
    0x00000e9c   0x00000e9c   0x0000001a   Code   RO          406    i.bsp_board_init    boards.o
    0x00000eb6   0x00000eb6   0x00000002   PAD
    0x00000eb8   0x00000eb8   0x00000014   Code   RO          409    i.bsp_board_led_off  boards.o
    0x00000ecc   0x00000ecc   0x00000030   Code   RO          412    i.bsp_board_leds_init  boards.o
    0x00000efc   0x00000efc   0x00000014   Code   RO          413    i.bsp_board_leds_off  boards.o
    0x00000f10   0x00000f10   0x000000e4   Code   RO         2546    i.buf_prealloc      nrf_log_frontend.o
    0x00000ff4   0x00000ff4   0x0000002c   Code   RO         1800    i.buffer_add        nrf_fprintf_format.o
    0x00001020   0x00001020   0x00000018   Code   RO         2547    i.buffer_is_empty   nrf_log_frontend.o
    0x00001038   0x00001038   0x00000018   Code   RO         2548    i.dropped_sat16_get  nrf_log_frontend.o
    0x00001050   0x00001050   0x00000018   Code   RO         2182    i.fifo_get          app_fifo.o
    0x00001068   0x00001068   0x0000000a   Code   RO         2183    i.fifo_length       app_fifo.o
    0x00001072   0x00001072   0x0000000a   Code   RO         2266    i.fifo_length       app_uart_fifo.o
    0x0000107c   0x0000107c   0x00000012   Code   RO         2184    i.fifo_peek         app_fifo.o
    0x0000108e   0x0000108e   0x00000012   Code   RO         2185    i.fifo_put          app_fifo.o
    0x000010a0   0x000010a0   0x00000010   Code   RO         2350    i.fputc             retarget.o
    0x000010b0   0x000010b0   0x000000be   Code   RO         1801    i.int_print         nrf_fprintf_format.o
    0x0000116e   0x0000116e   0x00000002   PAD
    0x00001170   0x00001170   0x00000094   Code   RO          714    i.interrupts_enable  nrfx_uart.o
    0x00001204   0x00001204   0x000000b4   Code   RO          972    i.interrupts_enable  nrfx_uarte.o
    0x000012b8   0x000012b8   0x00000046   Code   RO         2550    i.invalid_packets_omit  nrf_log_frontend.o
    0x000012fe   0x000012fe   0x00000024   Code   RO            4    i.log_init          main.o
    0x00001322   0x00001322   0x00000002   PAD
    0x00001324   0x00001324   0x000000cc   Code   RO         2551    i.log_skip          nrf_log_frontend.o
    0x000013f0   0x000013f0   0x00000114   Code   RO            5    i.main              main.o
    0x00001504   0x00001504   0x000000f0   Code   RO          270    i.max30102_read_fifo  max30102.o
    0x000015f4   0x000015f4   0x00000078   Code   RO          271    i.max30102_read_reg  max30102.o
    0x0000166c   0x0000166c   0x0000000c   Code   RO          272    i.max30102_reset    max30102.o
    0x00001678   0x00001678   0x00000050   Code   RO          273    i.max30102_write_reg  max30102.o
    0x000016c8   0x000016c8   0x000000ca   Code   RO         1911    i.memobj_op         nrf_memobj.o
    0x00001792   0x00001792   0x00000002   PAD
    0x00001794   0x00001794   0x00000038   Code   RO         2552    i.module_idx_get    nrf_log_frontend.o
    0x000017cc   0x000017cc   0x0000005c   Code   RO         3160    i.nrf52_errata_108  system_nrf52.o
    0x00001828   0x00001828   0x0000005c   Code   RO         3172    i.nrf52_errata_12   system_nrf52.o
    0x00001884   0x00001884   0x0000005c   Code   RO         3183    i.nrf52_errata_136  system_nrf52.o
    0x000018e0   0x000018e0   0x00000040   Code   RO         3202    i.nrf52_errata_16   system_nrf52.o
    0x00001920   0x00001920   0x00000040   Code   RO         3219    i.nrf52_errata_182  system_nrf52.o
    0x00001960   0x00001960   0x0000005c   Code   RO         3273    i.nrf52_errata_31   system_nrf52.o
    0x000019bc   0x000019bc   0x00000040   Code   RO         3274    i.nrf52_errata_32   system_nrf52.o
    0x000019fc   0x000019fc   0x0000005c   Code   RO         3278    i.nrf52_errata_36   system_nrf52.o
    0x00001a58   0x00001a58   0x00000040   Code   RO         3279    i.nrf52_errata_37   system_nrf52.o
    0x00001a98   0x00001a98   0x00000040   Code   RO         3295    i.nrf52_errata_57   system_nrf52.o
    0x00001ad8   0x00001ad8   0x0000005c   Code   RO         3301    i.nrf52_errata_66   system_nrf52.o
    0x00001b34   0x00001b34   0x0000000e   Code   RO         1991    i.nrf_atomic_flag_clear_fetch  nrf_atomic.o
    0x00001b42   0x00001b42   0x0000000e   Code   RO         1992    i.nrf_atomic_flag_set  nrf_atomic.o
    0x00001b50   0x00001b50   0x00000016   Code   RO         1994    i.nrf_atomic_u32_add  nrf_atomic.o
    0x00001b66   0x00001b66   0x00000016   Code   RO         1998    i.nrf_atomic_u32_fetch_and  nrf_atomic.o
    0x00001b7c   0x00001b7c   0x00000016   Code   RO         2000    i.nrf_atomic_u32_fetch_store  nrf_atomic.o
    0x00001b92   0x00001b92   0x00000016   Code   RO         2004    i.nrf_atomic_u32_or  nrf_atomic.o
    0x00001ba8   0x00001ba8   0x00000016   Code   RO         2006    i.nrf_atomic_u32_sub  nrf_atomic.o
    0x00001bbe   0x00001bbe   0x0000004c   Code   RO         2128    i.nrf_balloc_alloc  nrf_balloc.o
    0x00001c0a   0x00001c0a   0x00000010   Code   RO         2129    i.nrf_balloc_block2idx  nrf_balloc.o
    0x00001c1a   0x00001c1a   0x0000002a   Code   RO         2130    i.nrf_balloc_free   nrf_balloc.o
    0x00001c44   0x00001c44   0x0000000c   Code   RO         2131    i.nrf_balloc_idx2block  nrf_balloc.o
    0x00001c50   0x00001c50   0x0000003c   Code   RO         2132    i.nrf_balloc_init   nrf_balloc.o
    0x00001c8c   0x00001c8c   0x00000030   Code   RO            6    i.nrf_delay_ms      main.o
    0x00001cbc   0x00001cbc   0x00000050   Code   RO         1246    i.nrf_drv_twi_init  nrf_drv_twi.o
    0x00001d0c   0x00001d0c   0x00000024   Code   RO          274    i.nrf_drv_twi_rx    max30102.o
    0x00001d30   0x00001d30   0x0000002c   Code   RO          275    i.nrf_drv_twi_tx    max30102.o
    0x00001d5c   0x00001d5c   0x0000008c   Code   RO          660    i.nrf_drv_uart_init  nrf_drv_uart.o
    0x00001de8   0x00001de8   0x00000044   Code   RO         2267    i.nrf_drv_uart_rx   app_uart_fifo.o
    0x00001e2c   0x00001e2c   0x00000044   Code   RO         2268    i.nrf_drv_uart_tx   app_uart_fifo.o
    0x00001e70   0x00001e70   0x0000002a   Code   RO         1761    i.nrf_fprintf       nrf_fprintf.o
    0x00001e9a   0x00001e9a   0x0000001c   Code   RO         1762    i.nrf_fprintf_buffer_flush  nrf_fprintf.o
    0x00001eb6   0x00001eb6   0x000001f0   Code   RO         1802    i.nrf_fprintf_fmt   nrf_fprintf_format.o
    0x000020a6   0x000020a6   0x00000028   Code   RO          417    i.nrf_gpio_cfg      boards.o
    0x000020ce   0x000020ce   0x00000028   Code   RO          715    i.nrf_gpio_cfg      nrfx_uart.o
    0x000020f6   0x000020f6   0x00000028   Code   RO          973    i.nrf_gpio_cfg      nrfx_uarte.o
    0x0000211e   0x0000211e   0x00000028   Code   RO         1313    i.nrf_gpio_cfg      nrfx_twi.o
    0x00002146   0x00002146   0x0000001a   Code   RO          717    i.nrf_gpio_cfg_input  nrfx_uart.o
    0x00002160   0x00002160   0x0000001a   Code   RO          975    i.nrf_gpio_cfg_input  nrfx_uarte.o
    0x0000217a   0x0000217a   0x00000018   Code   RO          718    i.nrf_gpio_cfg_output  nrfx_uart.o
    0x00002192   0x00002192   0x00000018   Code   RO          976    i.nrf_gpio_cfg_output  nrfx_uarte.o
    0x000021aa   0x000021aa   0x00000016   Code   RO          276    i.nrf_gpio_pin_clear  max30102.o
    0x000021c0   0x000021c0   0x00000016   Code   RO         1247    i.nrf_gpio_pin_clear  nrf_drv_twi.o
    0x000021d6   0x000021d6   0x00000016   Code   RO          719    i.nrf_gpio_pin_set  nrfx_uart.o
    0x000021ec   0x000021ec   0x00000016   Code   RO          977    i.nrf_gpio_pin_set  nrfx_uarte.o
    0x00002202   0x00002202   0x00000016   Code   RO         1248    i.nrf_gpio_pin_set  nrf_drv_twi.o
    0x00002218   0x00002218   0x0000003a   Code   RO          418    i.nrf_gpio_pin_write  boards.o
    0x00002252   0x00002252   0x00000002   PAD
    0x00002254   0x00002254   0x00000054   Code   RO         2553    i.nrf_log_backend_add  nrf_log_frontend.o
    0x000022a8   0x000022a8   0x00000002   Code   RO         2386    i.nrf_log_backend_rtt_flush  nrf_log_backend_rtt.o
    0x000022aa   0x000022aa   0x00000008   Code   RO         2387    i.nrf_log_backend_rtt_init  nrf_log_backend_rtt.o
    0x000022b2   0x000022b2   0x00000002   Code   RO         2388    i.nrf_log_backend_rtt_panic_set  nrf_log_backend_rtt.o
    0x000022b4   0x000022b4   0x00000020   Code   RO         2389    i.nrf_log_backend_rtt_put  nrf_log_backend_rtt.o
    0x000022d4   0x000022d4   0x000000f2   Code   RO         2457    i.nrf_log_backend_serial_put  nrf_log_backend_serial.o
    0x000023c6   0x000023c6   0x00000002   PAD
    0x000023c8   0x000023c8   0x00000038   Code   RO         2555    i.nrf_log_color_id_get  nrf_log_frontend.o
    0x00002400   0x00002400   0x00000028   Code   RO         2509    i.nrf_log_default_backends_init  nrf_log_default_backends.o
    0x00002428   0x00002428   0x00000314   Code   RO         2556    i.nrf_log_frontend_dequeue  nrf_log_frontend.o
    0x0000273c   0x0000273c   0x00000014   Code   RO         2558    i.nrf_log_frontend_std_0  nrf_log_frontend.o
    0x00002750   0x00002750   0x000000bc   Code   RO         2749    i.nrf_log_hexdump_entry_process  nrf_log_str_formatter.o
    0x0000280c   0x0000280c   0x00000048   Code   RO         2565    i.nrf_log_init      nrf_log_frontend.o
    0x00002854   0x00002854   0x00000014   Code   RO         2566    i.nrf_log_module_cnt_get  nrf_log_frontend.o
    0x00002868   0x00002868   0x00000024   Code   RO         2570    i.nrf_log_module_name_get  nrf_log_frontend.o
    0x0000288c   0x0000288c   0x00000034   Code   RO         2571    i.nrf_log_panic     nrf_log_frontend.o
    0x000028c0   0x000028c0   0x000000c8   Code   RO         2750    i.nrf_log_std_entry_process  nrf_log_str_formatter.o
    0x00002988   0x00002988   0x0000007a   Code   RO         1912    i.nrf_memobj_alloc  nrf_memobj.o
    0x00002a02   0x00002a02   0x00000040   Code   RO         1913    i.nrf_memobj_free   nrf_memobj.o
    0x00002a42   0x00002a42   0x00000010   Code   RO         1914    i.nrf_memobj_get    nrf_memobj.o
    0x00002a52   0x00002a52   0x0000000c   Code   RO         1915    i.nrf_memobj_pool_init  nrf_memobj.o
    0x00002a5e   0x00002a5e   0x0000001e   Code   RO         1916    i.nrf_memobj_put    nrf_memobj.o
    0x00002a7c   0x00002a7c   0x00000022   Code   RO         1917    i.nrf_memobj_read   nrf_memobj.o
    0x00002a9e   0x00002a9e   0x00000022   Code   RO         1918    i.nrf_memobj_write  nrf_memobj.o
    0x00002ac0   0x00002ac0   0x0000001c   Code   RO         1850    i.nrf_ringbuf_init  nrf_ringbuf.o
    0x00002adc   0x00002adc   0x00000008   Code   RO         1315    i.nrf_twi_disable   nrfx_twi.o
    0x00002ae4   0x00002ae4   0x00000008   Code   RO         1316    i.nrf_twi_enable    nrfx_twi.o
    0x00002aec   0x00002aec   0x0000000c   Code   RO         1317    i.nrf_twi_errorsrc_get_and_clear  nrfx_twi.o
    0x00002af8   0x00002af8   0x0000000e   Code   RO         1318    i.nrf_twi_event_check  nrfx_twi.o
    0x00002b06   0x00002b06   0x0000000e   Code   RO         1319    i.nrf_twi_event_clear  nrfx_twi.o
    0x00002b14   0x00002b14   0x00000006   Code   RO         1320    i.nrf_twi_int_disable  nrfx_twi.o
    0x00002b1a   0x00002b1a   0x00000006   Code   RO         1321    i.nrf_twi_int_enable  nrfx_twi.o
    0x00002b20   0x00002b20   0x00000006   Code   RO         1322    i.nrf_twi_shorts_set  nrfx_twi.o
    0x00002b26   0x00002b26   0x00000006   Code   RO         1323    i.nrf_twi_task_trigger  nrfx_twi.o
    0x00002b2c   0x00002b2c   0x0000000c   Code   RO          720    i.nrf_uart_errorsrc_get_and_clear  nrfx_uart.o
    0x00002b38   0x00002b38   0x0000000e   Code   RO          721    i.nrf_uart_event_check  nrfx_uart.o
    0x00002b46   0x00002b46   0x0000000e   Code   RO          722    i.nrf_uart_event_clear  nrfx_uart.o
    0x00002b54   0x00002b54   0x0000000a   Code   RO          723    i.nrf_uart_hwfc_pins_set  nrfx_uart.o
    0x00002b5e   0x00002b5e   0x00000006   Code   RO          724    i.nrf_uart_int_disable  nrfx_uart.o
    0x00002b64   0x00002b64   0x00000006   Code   RO          725    i.nrf_uart_int_enable  nrfx_uart.o
    0x00002b6a   0x00002b6a   0x00000012   Code   RO          726    i.nrf_uart_int_enable_check  nrfx_uart.o
    0x00002b7c   0x00002b7c   0x00000006   Code   RO          727    i.nrf_uart_task_trigger  nrfx_uart.o
    0x00002b82   0x00002b82   0x0000000a   Code   RO          728    i.nrf_uart_txrx_pins_set  nrfx_uart.o
    0x00002b8c   0x00002b8c   0x0000000c   Code   RO          978    i.nrf_uarte_errorsrc_get_and_clear  nrfx_uarte.o
    0x00002b98   0x00002b98   0x0000000e   Code   RO          979    i.nrf_uarte_event_check  nrfx_uarte.o
    0x00002ba6   0x00002ba6   0x0000000e   Code   RO          980    i.nrf_uarte_event_clear  nrfx_uarte.o
    0x00002bb4   0x00002bb4   0x0000000c   Code   RO          981    i.nrf_uarte_hwfc_pins_set  nrfx_uarte.o
    0x00002bc0   0x00002bc0   0x00000006   Code   RO          982    i.nrf_uarte_int_disable  nrfx_uarte.o
    0x00002bc6   0x00002bc6   0x00000006   Code   RO          983    i.nrf_uarte_int_enable  nrfx_uarte.o
    0x00002bcc   0x00002bcc   0x0000000a   Code   RO          984    i.nrf_uarte_rx_amount_get  nrfx_uarte.o
    0x00002bd6   0x00002bd6   0x0000000c   Code   RO          985    i.nrf_uarte_shorts_disable  nrfx_uarte.o
    0x00002be2   0x00002be2   0x00000006   Code   RO          986    i.nrf_uarte_task_trigger  nrfx_uarte.o
    0x00002be8   0x00002be8   0x0000000a   Code   RO          987    i.nrf_uarte_tx_amount_get  nrfx_uarte.o
    0x00002bf2   0x00002bf2   0x0000000e   Code   RO          988    i.nrf_uarte_txrx_pins_set  nrfx_uarte.o
    0x00002c00   0x00002c00   0x00000018   Code   RO         1249    i.nrfx_coredep_delay_us  nrf_drv_twi.o
    0x00002c18   0x00002c18   0x00000008   Code   RO          729    i.nrfx_get_irq_number  nrfx_uart.o
    0x00002c20   0x00002c20   0x00000008   Code   RO          989    i.nrfx_get_irq_number  nrfx_uarte.o
    0x00002c28   0x00002c28   0x00000008   Code   RO         1324    i.nrfx_get_irq_number  nrfx_twi.o
    0x00002c30   0x00002c30   0x00000014   Code   RO          990    i.nrfx_is_in_ram    nrfx_uarte.o
    0x00002c44   0x00002c44   0x00000048   Code   RO         1193    i.nrfx_prs_acquire  nrfx_prs.o
    0x00002c8c   0x00002c8c   0x00000024   Code   RO         1327    i.nrfx_twi_enable   nrfx_twi.o
    0x00002cb0   0x00002cb0   0x00000124   Code   RO         1328    i.nrfx_twi_init     nrfx_twi.o
    0x00002dd4   0x00002dd4   0x00000030   Code   RO         1330    i.nrfx_twi_rx       nrfx_twi.o
    0x00002e04   0x00002e04   0x0000003e   Code   RO         1332    i.nrfx_twi_tx       nrfx_twi.o
    0x00002e42   0x00002e42   0x00000002   PAD
    0x00002e44   0x00002e44   0x00000030   Code   RO         1334    i.nrfx_twi_xfer     nrfx_twi.o
    0x00002e74   0x00002e74   0x00000014   Code   RO          730    i.nrfx_uart_0_irq_handler  nrfx_uart.o
    0x00002e88   0x00002e88   0x00000088   Code   RO          732    i.nrfx_uart_init    nrfx_uart.o
    0x00002f10   0x00002f10   0x00000124   Code   RO          733    i.nrfx_uart_rx      nrfx_uart.o
    0x00003034   0x00003034   0x0000008c   Code   RO          738    i.nrfx_uart_tx      nrfx_uart.o
    0x000030c0   0x000030c0   0x00000024   Code   RO          740    i.nrfx_uart_tx_in_progress  nrfx_uart.o
    0x000030e4   0x000030e4   0x00000014   Code   RO          991    i.nrfx_uarte_0_irq_handler  nrfx_uarte.o
    0x000030f8   0x000030f8   0x00000080   Code   RO          993    i.nrfx_uarte_init   nrfx_uarte.o
    0x00003178   0x00003178   0x00000138   Code   RO          994    i.nrfx_uarte_rx     nrfx_uarte.o
    0x000032b0   0x000032b0   0x000000c0   Code   RO          997    i.nrfx_uarte_tx     nrfx_uarte.o
    0x00003370   0x00003370   0x00000020   Code   RO          999    i.nrfx_uarte_tx_in_progress  nrfx_uarte.o
    0x00003390   0x00003390   0x00000048   Code   RO         2752    i.postfix_process   nrf_log_str_formatter.o
    0x000033d8   0x000033d8   0x000000a4   Code   RO         2753    i.prefix_process    nrf_log_str_formatter.o
    0x0000347c   0x0000347c   0x00000018   Code   RO         1195    i.prs_box_get       nrfx_prs.o
    0x00003494   0x00003494   0x0000003e   Code   RO          743    i.rx_byte           nrfx_uart.o
    0x000034d2   0x000034d2   0x0000001c   Code   RO          744    i.rx_done_event     nrfx_uart.o
    0x000034ee   0x000034ee   0x0000001c   Code   RO         1002    i.rx_done_event     nrfx_uarte.o
    0x0000350a   0x0000350a   0x00000022   Code   RO          745    i.rx_enable         nrfx_uart.o
    0x0000352c   0x0000352c   0x00000084   Code   RO         2390    i.serial_tx         nrf_log_backend_rtt.o
    0x000035b0   0x000035b0   0x00000064   Code   RO         2573    i.std_header_set    nrf_log_frontend.o
    0x00003614   0x00003614   0x00000070   Code   RO         2574    i.std_n             nrf_log_frontend.o
    0x00003684   0x00003684   0x00000074   Code   RO         1803    i.string_print      nrf_fprintf_format.o
    0x000036f8   0x000036f8   0x00000002   Code   RO         2754    i.timestamp_print   nrf_log_str_formatter.o
    0x000036fa   0x000036fa   0x00000002   PAD
    0x000036fc   0x000036fc   0x00000098   Code   RO         1250    i.twi_clear_bus     nrf_drv_twi.o
    0x00003794   0x00003794   0x00000048   Code   RO         1251    i.twi_evt_handler   nrf_drv_twi.o
    0x000037dc   0x000037dc   0x00000038   Code   RO          277    i.twi_handler       max30102.o
    0x00003814   0x00003814   0x000000da   Code   RO         1335    i.twi_irq_handler   nrfx_twi.o
    0x000038ee   0x000038ee   0x00000002   PAD
    0x000038f0   0x000038f0   0x00000044   Code   RO          278    i.twi_master_init   max30102.o
    0x00003934   0x00003934   0x00000024   Code   RO         1336    i.twi_process_error  nrfx_twi.o
    0x00003958   0x00003958   0x0000007e   Code   RO         1337    i.twi_receive_byte  nrfx_twi.o
    0x000039d6   0x000039d6   0x00000002   PAD
    0x000039d8   0x000039d8   0x000000e0   Code   RO         1338    i.twi_rx_start_transfer  nrfx_twi.o
    0x00003ab8   0x00003ab8   0x00000056   Code   RO         1339    i.twi_send_byte     nrfx_twi.o
    0x00003b0e   0x00003b0e   0x0000012c   Code   RO         1340    i.twi_transfer      nrfx_twi.o
    0x00003c3a   0x00003c3a   0x00000002   PAD
    0x00003c3c   0x00003c3c   0x000000cc   Code   RO         1341    i.twi_tx_start_transfer  nrfx_twi.o
    0x00003d08   0x00003d08   0x000000c0   Code   RO         1342    i.twi_xfer          nrfx_twi.o
    0x00003dc8   0x00003dc8   0x00000036   Code   RO          746    i.tx_blocking       nrfx_uart.o
    0x00003dfe   0x00003dfe   0x00000026   Code   RO          747    i.tx_byte           nrfx_uart.o
    0x00003e24   0x00003e24   0x00000020   Code   RO          748    i.tx_done_event     nrfx_uart.o
    0x00003e44   0x00003e44   0x00000020   Code   RO         1003    i.tx_done_event     nrfx_uarte.o
    0x00003e64   0x00003e64   0x0000005c   Code   RO            7    i.uart_config       main.o
    0x00003ec0   0x00003ec0   0x00000026   Code   RO            8    i.uart_error_handle  main.o
    0x00003ee6   0x00003ee6   0x00000002   PAD
    0x00003ee8   0x00003ee8   0x000000e4   Code   RO         2269    i.uart_event_handler  app_uart_fifo.o
    0x00003fcc   0x00003fcc   0x00000038   Code   RO          661    i.uart_evt_handler  nrf_drv_uart.o
    0x00004004   0x00004004   0x0000014e   Code   RO          749    i.uart_irq_handler  nrfx_uart.o
    0x00004152   0x00004152   0x00000002   PAD
    0x00004154   0x00004154   0x00000038   Code   RO          662    i.uarte_evt_handler  nrf_drv_uart.o
    0x0000418c   0x0000418c   0x00000134   Code   RO         1004    i.uarte_irq_handler  nrfx_uarte.o
    0x000042c0   0x000042c0   0x000000b8   Code   RO         1804    i.unsigned_print    nrf_fprintf_format.o
    0x00004378   0x00004378   0x00000022   Code   RO         1343    i.xfer_completeness_check  nrfx_twi.o
    0x0000439a   0x0000439a   0x00000006   PAD
    0x000043a0   0x000043a0   0x00000020   Data   RO           10    .constdata          main.o
    0x000043c0   0x000043c0   0x00000020   Data   RO          279    .constdata          max30102.o
    0x000043e0   0x000043e0   0x00000008   Data   RO          419    .constdata          boards.o
    0x000043e8   0x000043e8   0x0000002e   Data   RO          751    .constdata          nrfx_uart.o
    0x00004416   0x00004416   0x00000002   PAD
    0x00004418   0x00004418   0x00000030   Data   RO         1006    .constdata          nrfx_uarte.o
    0x00004448   0x00004448   0x00000008   PAD
    0x00004450   0x00004450   0x00000006   Data   RO         1253    .constdata          nrf_drv_twi.o
    0x00004456   0x00004456   0x00000002   PAD
    0x00004458   0x00004458   0x00000040   Data   RO         1345    .constdata          nrfx_twi.o
    0x00004498   0x00004498   0x00000010   Data   RO         1805    .constdata          nrf_fprintf_format.o
    0x000044a8   0x000044a8   0x00000020   Data   RO         2271    .constdata          app_uart_fifo.o
    0x000044c8   0x000044c8   0x00000008   PAD
    0x000044d0   0x000044d0   0x00000016   Data   RO         2392    .constdata          nrf_log_backend_rtt.o
    0x000044e6   0x000044e6   0x00000002   PAD
    0x000044e8   0x000044e8   0x0000000c   Data   RO         2576    .constdata          nrf_log_frontend.o
    0x000044f4   0x000044f4   0x00000081   Data   RO         4959    .constdata          mc_w.l(ctype_o.o)
    0x00004575   0x00004575   0x00000003   PAD
    0x00004578   0x00004578   0x00000004   Data   RO         4960    .constdata          mc_w.l(ctype_o.o)
    0x0000457c   0x0000457c   0x00000066   Data   RO         2755    .conststring        nrf_log_str_formatter.o
    0x000045e2   0x000045e2   0x00000002   PAD
    0x000045e4   0x000045e4   0x00000005   Data   RO          752    .conststrlit        nrfx_uart.o
    0x000045e9   0x000045e9   0x00000003   PAD
    0x000045ec   0x000045ec   0x00000006   Data   RO         1007    .conststrlit        nrfx_uarte.o
    0x000045f2   0x000045f2   0x00000002   PAD
    0x000045f4   0x000045f4   0x00000004   Data   RO         1197    .conststrlit        nrfx_prs.o
    0x000045f8   0x000045f8   0x00000004   Data   RO         1346    .conststrlit        nrfx_twi.o
    0x000045fc   0x000045fc   0x00000010   Data   RO         2510    .conststrlit        nrf_log_default_backends.o
    0x0000460c   0x0000460c   0x00000004   Data   RO         2577    .conststrlit        nrf_log_frontend.o
    0x00004610   0x00004610   0x00000020   Data   RO         5298    Region$$Table       anon$$obj.o
    0x00004630   0x00004630   0x00000010   Data   RO         2512    log_backends        nrf_log_default_backends.o
    0x00004640   0x00004640   0x00000008   Data   RO          753    log_const_data      nrfx_uart.o
    0x00004648   0x00004648   0x00000008   Data   RO         1008    log_const_data      nrfx_uarte.o
    0x00004650   0x00004650   0x00000008   Data   RO         1199    log_const_data      nrfx_prs.o
    0x00004658   0x00004658   0x00000008   Data   RO         1347    log_const_data      nrfx_twi.o
    0x00004660   0x00004660   0x00000008   Data   RO         2579    log_const_data      nrf_log_frontend.o
    0x00004668   0x00004668   0x00000014   Data   RO         2580    nrf_balloc          nrf_log_frontend.o


    Execution Region RW_IRAM1 (Exec base: 0x20000000, Load base: 0x0000467c, Size: 0x00001ba0, Max: 0x00010000, ABSOLUTE)

    Exec Addr    Load Addr    Size         Type   Attr      Idx    E Section Name        Object

    0x20000000   0x0000467c   0x00000001   Data   RW          280    .data               max30102.o
    0x20000001   0x0000467d   0x00000003   PAD
    0x20000004   0x00004680   0x00000009   Data   RW          663    .data               nrf_drv_uart.o
    0x2000000d   0x00004689   0x00000003   PAD
    0x20000010   0x0000468c   0x00000008   Data   RW         1198    .data               nrfx_prs.o
    0x20000018   0x00004694   0x00000010   Data   RW         1254    .data               nrf_drv_twi.o
    0x20000028   0x000046a4   0x00000004   Data   RW         1605    .data               app_util_platform.o
    0x2000002c   0x000046a8   0x0000001b   Data   RW         2272    .data               app_uart_fifo.o
    0x20000047   0x000046c3   0x00000001   PAD
    0x20000048   0x000046c4   0x00000008   Data   RW         2351    .data               retarget.o
    0x20000050   0x000046cc   0x00000001   Data   RW         2393    .data               nrf_log_backend_rtt.o
    0x20000051   0x000046cd   0x00000003   PAD
    0x20000054   0x000046d0   0x00000008   Data   RW         2511    .data               nrf_log_default_backends.o
    0x2000005c   0x000046d8   0x00000014   Data   RW         2578    .data               nrf_log_frontend.o
    0x20000070   0x000046ec   0x00000040   Data   RW         2756    .data               nrf_log_str_formatter.o
    0x200000b0   0x0000472c   0x00000004   Data   RW         3441    .data               system_nrf52.o
    0x200000b4        -       0x00000200   Zero   RW            9    .bss                main.o
    0x200002b4        -       0x0000002c   Zero   RW          750    .bss                nrfx_uart.o
    0x200002e0        -       0x00000024   Zero   RW         1005    .bss                nrfx_uarte.o
    0x20000304        -       0x0000003c   Zero   RW         1344    .bss                nrfx_twi.o
    0x20000340        -       0x00000020   Zero   RW         2270    .bss                app_uart_fifo.o
    0x20000360        -       0x00000040   Zero   RW         2391    .bss                nrf_log_backend_rtt.o
    0x200003a0        -       0x00000578   Zero   RW         2575    .bss                nrf_log_frontend.o
    0x20000918        -       0x00000288   Zero   RW         2836    .bss                segger_rtt.o
    0x20000ba0        -       0x00001000   Zero   RW         3062    STACK               arm_startup_nrf52.o


==============================================================================

Image component sizes


      Code (inc. data)   RO Data    RW Data    ZI Data      Debug   Object Name

        28          0          0          0          0       2345   app_error.o
         0          0          0          0          0        384   app_error_handler_keil.o
       192         46          0          0          0      30861   app_error_weak.o
       170          0          0          0          0       5614   app_fifo.o
       702         90         32         27         32      19971   app_uart_fifo.o
        64         10          0          4          0       3110   app_util_platform.o
        36          8        512          0       4096        888   arm_startup_nrf52.o
       256         14          8          0          0       9170   boards.o
       490         80         32          0        512      74242   main.o
       770         48         32          1          0      60551   max30102.o
       364          0          0          0          0       6750   nrf_atomic.o
       206          0          0          0          0       3491   nrf_balloc.o
       372         30          6         16          0      14511   nrf_drv_twi.o
       252         42          0          9          0      17204   nrf_drv_uart.o
        70          0          0          0          0       3337   nrf_fprintf.o
      1030          6         16          0          0       6862   nrf_fprintf_format.o
       176         16         22          1         64       6433   nrf_log_backend_rtt.o
       242          0          0          0          0      10661   nrf_log_backend_serial.o
        40          6         32          8          0       3141   nrf_log_default_backends.o
      2006        150         44         20       1400      28104   nrf_log_frontend.o
       626        112        102         64          0       5624   nrf_log_str_formatter.o
       514          0          0          0          0       9203   nrf_memobj.o
        28          0          0          0          0       2587   nrf_ringbuf.o
       112         14         12          8          0       3505   nrfx_prs.o
      2054         52         76          0         60      30893   nrfx_twi.o
      1694         46         59          0         44      66596   nrfx_uart.o
      1612         46         62          0         36      29015   nrfx_uarte.o
        16          0          0          8          0       2718   retarget.o
       470         44          0          0        648       8021   segger_rtt.o
      1552        158          0          4          0       9195   system_nrf52.o

    ----------------------------------------------------------------------
     16180       1018       1108        180       6892     474987   Object Totals
         0          0         32          0          0          0   (incl. Generated)
        36          0         29         10          0          0   (incl. Padding)

    ----------------------------------------------------------------------

      Code (inc. data)   RO Data    RW Data    ZI Data      Debug   Library Member Name

         8          4        133          0          0         68   ctype_o.o
         0          0          0          0          0          0   entry.o
         0          0          0          0          0          0   entry10a.o
         0          0          0          0          0          0   entry11a.o
         4          0          0          0          0          0   entry12b.o
         8          4          0          0          0          0   entry2.o
         4          0          0          0          0          0   entry5.o
         0          0          0          0          0          0   entry7b.o
         0          0          0          0          0          0   entry8b.o
         8          4          0          0          0          0   entry9a.o
        30          0          0          0          0          0   handlers.o
        36          8          0          0          0         68   init.o
        36          0          0          0          0         68   memcpya.o
        36          0          0          0          0        108   memseta.o
       372         14          0          0          0        184   printf1.o
        18          0          0          0          0         68   strcpy.o
        14          0          0          0          0         68   strlen.o
        44          0          0          0          0         80   uidiv.o

    ----------------------------------------------------------------------
       620         34        136          0          0        712   Library Totals
         2          0          3          0          0          0   (incl. Padding)

    ----------------------------------------------------------------------

      Code (inc. data)   RO Data    RW Data    ZI Data      Debug   Library Name

       618         34        133          0          0        712   mc_w.l

    ----------------------------------------------------------------------
       620         34        136          0          0        712   Library Totals

    ----------------------------------------------------------------------

==============================================================================


      Code (inc. data)   RO Data    RW Data    ZI Data      Debug   

     16800       1052       1244        180       6892     454895   Grand Totals
     16800       1052       1244        180       6892     454895   ELF Image Totals
     16800       1052       1244        180          0          0   ROM Totals

==============================================================================

    Total RO  Size (Code + RO Data)                18044 (  17.62kB)
    Total RW  Size (RW Data + ZI Data)              7072 (   6.91kB)
    Total ROM Size (Code + RO Data + RW Data)      18224 (  17.80kB)

==============================================================================

